Component: ARM Compiler 5.06 update 6 (build 750) Tool: armlink [4d35ed]

==============================================================================

Section Cross References

    steppermotor.o(i.InitializeStepperMotor) refers to stm32f10x_rcc.o(i.RCC_APB2PeriphClockCmd) for RCC_APB2PeriphClockCmd
    steppermotor.o(i.InitializeStepperMotor) refers to stm32f10x_gpio.o(i.GPIO_Init) for GPIO_Init
    steppermotor.o(i.StepperMotorMakeStep) refers to stm32f10x_gpio.o(i.GPIO_SetBits) for GPIO_SetBits
    steppermotor.o(i.StepperMotorMakeStep) refers to delay.o(i.delay_ms) for delay_ms
    steppermotor.o(i.StepperMotorMakeStep) refers to stm32f10x_gpio.o(i.GPIO_ResetBits) for GPIO_ResetBits
    steppermotor.o(i.StepperMotorResetBits) refers to stm32f10x_gpio.o(i.GPIO_ResetBits) for GPIO_ResetBits
    steppermotor.o(i.StepperMotorSetBits) refers to stm32f10x_gpio.o(i.GPIO_SetBits) for GPIO_SetBits
    steppermotor.o(i.StepperMotorSetDirection) refers to stm32f10x_gpio.o(i.GPIO_SetBits) for GPIO_SetBits
    steppermotor.o(i.StepperMotorSetDirection) refers to stm32f10x_gpio.o(i.GPIO_ResetBits) for GPIO_ResetBits
    steppermotor.o(i.TurnOffStepperMotor) refers to stm32f10x_gpio.o(i.GPIO_SetBits) for GPIO_SetBits
    steppermotor.o(i.TurnOnStepperMotor) refers to stm32f10x_gpio.o(i.GPIO_ResetBits) for GPIO_ResetBits
    uart.o(i.InitializeUART) refers to stm32f10x_rcc.o(i.RCC_APB2PeriphClockCmd) for RCC_APB2PeriphClockCmd
    uart.o(i.InitializeUART) refers to stm32f10x_gpio.o(i.GPIO_StructInit) for GPIO_StructInit
    uart.o(i.InitializeUART) refers to stm32f10x_gpio.o(i.GPIO_Init) for GPIO_Init
    uart.o(i.InitializeUART) refers to stm32f10x_usart.o(i.USART_StructInit) for USART_StructInit
    uart.o(i.InitializeUART) refers to stm32f10x_usart.o(i.USART_Init) for USART_Init
    uart.o(i.InitializeUART) refers to stm32f10x_usart.o(i.USART_Cmd) for USART_Cmd
    uart.o(i.InitializeUART) refers to stm32f10x_usart.o(i.USART_ITConfig) for USART_ITConfig
    uart.o(i.InitializeUART) refers to uart.o(.data) for port
    uart.o(i.InitializeUART) refers to uart.o(.bss) for usart
    uart.o(i.UART_SendArray) refers to stm32f10x_usart.o(i.USART_SendData) for USART_SendData
    uart.o(i.UART_SendArray) refers to delay.o(i.delay_ms) for delay_ms
    uart.o(i.UART_SendSingle) refers to _printf_percent.o(.ARM.Collect$$_printf_percent$$00000000) for _printf_percent
    uart.o(i.UART_SendSingle) refers to _printf_d.o(.ARM.Collect$$_printf_percent$$00000009) for _printf_d
    uart.o(i.UART_SendSingle) refers to _printf_dec.o(.text) for _printf_int_dec
    uart.o(i.UART_SendSingle) refers to noretval__2sprintf.o(.text) for __2sprintf
    uart.o(i.UART_SendSingle) refers to stm32f10x_usart.o(i.USART_SendData) for USART_SendData
    uart.o(i.UART_SendSingle) refers to delay.o(i.delay_ms) for delay_ms
    uart.o(i.UART_SendSingleAsBytes) refers to stm32f10x_usart.o(i.USART_SendData) for USART_SendData
    uart.o(i.UART_SendSingleAsBytes) refers to delay.o(i.delay_ms) for delay_ms
    uart.o(i.USART1_IRQHandler) refers to stm32f10x_usart.o(i.USART_GetITStatus) for USART_GetITStatus
    uart.o(i.USART1_IRQHandler) refers to stm32f10x_usart.o(i.USART_ReceiveData) for USART_ReceiveData
    uart.o(i.USART1_IRQHandler) refers to main_1.o(i.UART_HandleReceived) for UART_HandleReceived
    encoder.o(i.InitializeEncoder) refers to stm32f10x_rcc.o(i.RCC_APB2PeriphClockCmd) for RCC_APB2PeriphClockCmd
    encoder.o(i.InitializeEncoder) refers to stm32f10x_gpio.o(i.GPIO_Init) for GPIO_Init
    encoder.o(i.ReadEncoder) refers to stm32f10x_gpio.o(i.GPIO_ReadInputDataBit) for GPIO_ReadInputDataBit
    rurs.o(i.InitializeRURS) refers to steppermotor.o(i.InitializeStepperMotor) for InitializeStepperMotor
    rurs.o(i.InitializeRURS) refers to encoder.o(i.InitializeEncoder) for InitializeEncoder
    rurs.o(i.InitializeRURS) refers to hcsr04.o(i.InitializeHCSR04) for InitializeHCSR04
    rurs.o(i.RURS_GetCurrentSteps) refers to rurs.o(.data) for steps
    rurs.o(i.RURS_MakeHalfTurn) refers to steppermotor.o(i.StepperMotorMakeStep) for StepperMotorMakeStep
    rurs.o(i.RURS_MakeHalfTurn) refers to rurs.o(.data) for steps
    rurs.o(i.RURS_ResetPosition) refers to steppermotor.o(i.StepperMotorMakeStep) for StepperMotorMakeStep
    rurs.o(i.RURS_ResetPosition) refers to encoder.o(i.ReadEncoder) for ReadEncoder
    rurs.o(i.RURS_ResetPosition) refers to rurs.o(.data) for steps
    rurs.o(i.RURS_TakeNextMeasurement) refers to hcsr04.o(i.HCSR04_GetDistance) for HCSR04_GetDistance
    rurs.o(i.RURS_TakeNextMeasurement) refers to steppermotor.o(i.StepperMotorMakeStep) for StepperMotorMakeStep
    rurs.o(i.RURS_TakeNextMeasurement) refers to rurs.o(.data) for steps
    rurs.o(i.RURS_TurnOn) refers to steppermotor.o(i.TurnOnStepperMotor) for TurnOnStepperMotor
    rurs.o(i.RURS_TurnOn) refers to steppermotor.o(i.StepperMotorSetDirection) for StepperMotorSetDirection
[...]
    ../clib/heapalloc.c                      0x00000000   Number         0  malloc.o ABSOLUTE
    ../clib/heapalloc.c                      0x00000000   Number         0  term_alloc.o ABSOLUTE
    ../clib/heapalloc.c                      0x00000000   Number         0  maybetermalloc2.o ABSOLUTE
    ../clib/heapalloc.c                      0x00000000   Number         0  maybetermalloc1.o ABSOLUTE
    ../clib/heapalloc.c                      0x00000000   Number         0  init_alloc.o ABSOLUTE
    ../clib/heapaux.c                        0x00000000   Number         0  heapauxi.o ABSOLUTE
    ../clib/heapaux.c                        0x00000000   Number         0  heapauxa.o ABSOLUTE
    ../clib/libinit.s                        0x00000000   Number         0  libinit2.o ABSOLUTE
    ../clib/libinit.s                        0x00000000   Number         0  libinit.o ABSOLUTE
    ../clib/libinit.s                        0x00000000   Number         0  libshutdown.o ABSOLUTE
    ../clib/libinit.s                        0x00000000   Number         0  libshutdown2.o ABSOLUTE
    ../clib/memcpset.s                       0x00000000   Number         0  rt_memcpy_w.o ABSOLUTE
    ../clib/printf.c                         0x00000000   Number         0  _printf_char_common.o ABSOLUTE
    ../clib/printf.c                         0x00000000   Number         0  __printf_nopercent.o ABSOLUTE
    ../clib/printf.c                         0x00000000   Number         0  __printf_flags_wp.o ABSOLUTE
    ../clib/printf.c                         0x00000000   Number         0  __printf_flags_ss.o ABSOLUTE
    ../clib/printf.c                         0x00000000   Number         0  __printf_ss_wp.o ABSOLUTE
    ../clib/printf.c                         0x00000000   Number         0  __printf_ss.o ABSOLUTE
    ../clib/printf.c                         0x00000000   Number         0  __printf_flags.o ABSOLUTE
    ../clib/printf.c                         0x00000000   Number         0  _printf_dec.o ABSOLUTE
    ../clib/printf.c                         0x00000000   Number         0  __printf_flags_ss_wp.o ABSOLUTE
    ../clib/printf.c                         0x00000000   Number         0  __printf.o ABSOLUTE
    ../clib/printf.c                         0x00000000   Number         0  noretval__2sprintf.o ABSOLUTE
    ../clib/printf.c                         0x00000000   Number         0  __2sprintf.o ABSOLUTE
    ../clib/printf.c                         0x00000000   Number         0  __printf_wp.o ABSOLUTE
    ../clib/printf.c                         0x00000000   Number         0  _sputc.o ABSOLUTE
    ../clib/printf.c                         0x00000000   Number         0  _printf_intcommon.o ABSOLUTE
    ../clib/printf_percent.s                 0x00000000   Number         0  _printf_percent.o ABSOLUTE
    ../clib/printf_percent.s                 0x00000000   Number         0  _printf_d.o ABSOLUTE
    ../clib/printf_percent.s                 0x00000000   Number         0  _printf_percent_end.o ABSOLUTE
    ../clib/signal.c                         0x00000000   Number         0  defsig_other.o ABSOLUTE
    ../clib/signal.c                         0x00000000   Number         0  defsig_exit.o ABSOLUTE
    ../clib/signal.c                         0x00000000   Number         0  defsig_abrt_outer.o ABSOLUTE
    ../clib/signal.c                         0x00000000   Number         0  defsig_pvfn_formal.o ABSOLUTE
    ../clib/signal.c                         0x00000000   Number         0  defsig_pvfn_outer.o ABSOLUTE
    ../clib/signal.c                         0x00000000   Number         0  __raise.o ABSOLUTE
    ../clib/signal.c                         0x00000000   Number         0  defsig_general.o ABSOLUTE
    ../clib/signal.c                         0x00000000   Number         0  defsig_rtmem_outer.o ABSOLUTE
    ../clib/signal.c                         0x00000000   Number         0  defsig_rtmem_formal.o ABSOLUTE
    ../clib/signal.c                         0x00000000   Number         0  defsig_segv_inner.o ABSOLUTE
    ../clib/signal.c                         0x00000000   Number         0  defsig_cppl_inner.o ABSOLUTE
    ../clib/signal.c                         0x00000000   Number         0  defsig_stak_inner.o ABSOLUTE
    ../clib/signal.c                         0x00000000   Number         0  defsig_rtred_inner.o ABSOLUTE
    ../clib/signal.c                         0x00000000   Number         0  defsig_fpe_inner.o ABSOLUTE
    ../clib/signal.c                         0x00000000   Number         0  defsig_abrt_inner.o ABSOLUTE
    ../clib/signal.c                         0x00000000   Number         0  defsig_rtmem_inner.o ABSOLUTE
    ../clib/signal.c                         0x00000000   Number         0  defsig_abrt_formal.o ABSOLUTE
    ../clib/signal.c                         0x00000000   Number         0  defsig_pvfn_inner.o ABSOLUTE
    ../clib/signal.s                         0x00000000   Number         0  defsig.o ABSOLUTE
    ../clib/stdlib.c                         0x00000000   Number         0  aeabi_atexit.o ABSOLUTE
    ../clib/stdlib.c                         0x00000000   Number         0  atexit_aeabi.o ABSOLUTE
    ../clib/stdlib.c                         0x00000000   Number         0  exit.o ABSOLUTE
    ../clib/stdlib.c                         0x00000000   Number         0  abort.o ABSOLUTE
    ../clib/stdlib.c                         0x00000000   Number         0  cxa_finalize.o ABSOLUTE
    ../fplib/fpinit.s                        0x00000000   Number         0  fpinit.o ABSOLUTE
    C:\Keil\Packs\Keil\STM32F1xx_DFP\2.3.0\Device\StdPeriph_Driver\src\misc.c 0x00000000   Number         0  misc.o ABSOLUTE
    C:\Keil\Packs\Keil\STM32F1xx_DFP\2.3.0\Device\StdPeriph_Driver\src\stm32f10x_gpio.c 0x00000000   Number         0  stm32f10x_gpio.o ABSOLUTE
    C:\Keil\Packs\Keil\STM32F1xx_DFP\2.3.0\Device\StdPeriph_Driver\src\stm32f10x_rcc.c 0x00000000   Number         0  stm32f10x_rcc.o ABSOLUTE
    C:\Keil\Packs\Keil\STM32F1xx_DFP\2.3.0\Device\StdPeriph_Driver\src\stm32f10x_tim.c 0x00000000   Number         0  stm32f10x_tim.o ABSOLUTE
    C:\Keil\Packs\Keil\STM32F1xx_DFP\2.3.0\Device\StdPeriph_Driver\src\stm32f10x_usart.c 0x00000000   Number         0  stm32f10x_usart.o ABSOLUTE
    C:\Keil\Packs\Keil\STM32F1xx_DFP\2.3.0\RTE_Driver\GPIO_STM32F10x.c 0x00000000   Number         0  gpio_stm32f10x.o ABSOLUTE
    C:\\Keil\\Packs\\Keil\\STM32F1xx_DFP\\2.3.0\\Device\\StdPeriph_Driver\\src\\misc.c 0x00000000   Number         0  misc.o ABSOLUTE
    C:\\Keil\\Packs\\Keil\\STM32F1xx_DFP\\2.3.0\\Device\\StdPeriph_Driver\\src\\stm32f10x_gpio.c 0x00000000   Number         0  stm32f10x_gpio.o ABSOLUTE
    C:\\Keil\\Packs\\Keil\\STM32F1xx_DFP\\2.3.0\\Device\\StdPeriph_Driver\\src\\stm32f10x_rcc.c 0x00000000   Number         0  stm32f10x_rcc.o ABSOLUTE
    C:\\Keil\\Packs\\Keil\\STM32F1xx_DFP\\2.3.0\\Device\\StdPeriph_Driver\\src\\stm32f10x_tim.c 0x00000000   Number         0  stm32f10x_tim.o ABSOLUTE
    C:\\Keil\\Packs\\Keil\\STM32F1xx_DFP\\2.3.0\\Device\\StdPeriph_Driver\\src\\stm32f10x_usart.c 0x00000000   Number         0  stm32f10x_usart.o ABSOLUTE
    C:\\Keil\\Packs\\Keil\\STM32F1xx_DFP\\2.3.0\\RTE_Driver\\GPIO_STM32F10x.c 0x00000000   Number         0  gpio_stm32f10x.o ABSOLUTE
    Libraries\HCSR04.c                       0x00000000   Number         0  hcsr04.o ABSOLUTE
    Libraries\OOPFSM.cpp                     0x00000000   Number         0  oopfsm.o ABSOLUTE
    Libraries\RURS.c                         0x00000000   Number         0  rurs.o ABSOLUTE
    Libraries\UART.c                         0x00000000   Number         0  uart.o ABSOLUTE
    Libraries\\HCSR04.c                      0x00000000   Number         0  hcsr04.o ABSOLUTE
    Libraries\\RURS.c                        0x00000000   Number         0  rurs.o ABSOLUTE
    Libraries\\UART.c                        0x00000000   Number         0  uart.o ABSOLUTE
    Libraries\\encoder.c                     0x00000000   Number         0  encoder.o ABSOLUTE
    Libraries\\implOOPFSM.cpp                0x00000000   Number         0  imploopfsm.o ABSOLUTE
    Libraries\\motorsL298N.c                 0x00000000   Number         0  motorsl298n.o ABSOLUTE
    Libraries\\stepperMotor.c                0x00000000   Number         0  steppermotor.o ABSOLUTE
    Libraries\delay.c                        0x00000000   Number         0  delay.o ABSOLUTE
    Libraries\encoder.c                      0x00000000   Number         0  encoder.o ABSOLUTE
    Libraries\implOOPFSM.cpp                 0x00000000   Number         0  imploopfsm.o ABSOLUTE
    Libraries\motorsL298N.c                  0x00000000   Number         0  motorsl298n.o ABSOLUTE
    Libraries\stepperMotor.c                 0x00000000   Number         0  steppermotor.o ABSOLUTE
    RTE\Device\STM32F103C8\startup_stm32f10x_md.s 0x00000000   Number         0  startup_stm32f10x_md.o ABSOLUTE
    RTE\Device\STM32F103C8\system_stm32f10x.c 0x00000000   Number         0  system_stm32f10x.o ABSOLUTE
    RTE\\Device\\STM32F103C8\\system_stm32f10x.c 0x00000000   Number         0  system_stm32f10x.o ABSOLUTE
    dc.s                                     0x00000000   Number         0  dc.o ABSOLUTE
    main.cpp                                 0x00000000   Number         0  main_1.o ABSOLUTE
    main.cpp                                 0x00000000   Number         0  main_1.o ABSOLUTE
    RESET                                    0x08000000   Section      236  startup_stm32f10x_md.o(RESET)
    !!!main                                  0x080000ec   Section        8  __main.o(!!!main)
    !!!scatter                               0x080000f4   Section       52  __scatter.o(!!!scatter)
    !!handler_copy                           0x08000128   Section       26  __scatter_copy.o(!!handler_copy)
    !!handler_zi                             0x08000144   Section       28  __scatter_zi.o(!!handler_zi)
    .ARM.Collect$$libinit$$00000000          0x08000160   Section        2  libinit.o(.ARM.Collect$$libinit$$00000000)
    .ARM.Collect$$libinit$$00000002          0x08000162   Section        0  libinit2.o(.ARM.Collect$$libinit$$00000002)
    .ARM.Collect$$libinit$$00000004          0x08000162   Section        0  libinit2.o(.ARM.Collect$$libinit$$00000004)
    .ARM.Collect$$libinit$$00000005          0x08000162   Section        8  libinit2.o(.ARM.Collect$$libinit$$00000005)
    .ARM.Collect$$libinit$$0000000A          0x0800016a   Section        0  libinit2.o(.ARM.Collect$$libinit$$0000000A)
    .ARM.Collect$$libinit$$0000000C          0x0800016a   Section        0  libinit2.o(.ARM.Collect$$libinit$$0000000C)
    .ARM.Collect$$libinit$$0000000E          0x0800016a   Section        0  libinit2.o(.ARM.Collect$$libinit$$0000000E)
    .ARM.Collect$$libinit$$00000011          0x0800016a   Section        0  libinit2.o(.ARM.Collect$$libinit$$00000011)
    .ARM.Collect$$libinit$$00000013          0x0800016a   Section        0  libinit2.o(.ARM.Collect$$libinit$$00000013)
    .ARM.Collect$$libinit$$00000015          0x0800016a   Section        0  libinit2.o(.ARM.Collect$$libinit$$00000015)
    .ARM.Collect$$libinit$$00000017          0x0800016a   Section        0  libinit2.o(.ARM.Collect$$libinit$$00000017)
    .ARM.Collect$$libinit$$00000019          0x0800016a   Section        0  libinit2.o(.ARM.Collect$$libinit$$00000019)
    .ARM.Collect$$libinit$$0000001B          0x0800016a   Section        0  libinit2.o(.ARM.Collect$$libinit$$0000001B)
    .ARM.Collect$$libinit$$0000001D          0x0800016a   Section        0  libinit2.o(.ARM.Collect$$libinit$$0000001D)
    .ARM.Collect$$libinit$$0000001F          0x0800016a   Section        0  libinit2.o(.ARM.Collect$$libinit$$0000001F)
    .ARM.Collect$$libinit$$00000021          0x0800016a   Section        0  libinit2.o(.ARM.Collect$$libinit$$00000021)
    .ARM.Collect$$libinit$$00000023          0x0800016a   Section        0  libinit2.o(.ARM.Collect$$libinit$$00000023)
    .ARM.Collect$$libinit$$00000025          0x0800016a   Section        0  libinit2.o(.ARM.Collect$$libinit$$00000025)
    .ARM.Collect$$libinit$$0000002C          0x0800016a   Section        0  libinit2.o(.ARM.Collect$$libinit$$0000002C)
    .ARM.Collect$$libinit$$0000002E          0x0800016a   Section        0  libinit2.o(.ARM.Collect$$libinit$$0000002E)
    .ARM.Collect$$libinit$$00000030          0x0800016a   Section        0  libinit2.o(.ARM.Collect$$libinit$$00000030)
    .ARM.Collect$$libinit$$00000031          0x0800016a   Section        4  libinit2.o(.ARM.Collect$$libinit$$00000031)
    .ARM.Collect$$libinit$$00000032          0x0800016e   Section        0  libinit2.o(.ARM.Collect$$libinit$$00000032)
    .ARM.Collect$$libinit$$00000033          0x0800016e   Section        2  libinit2.o(.ARM.Collect$$libinit$$00000033)
    .ARM.Collect$$libshutdown$$00000000      0x08000170   Section        2  libshutdown.o(.ARM.Collect$$libshutdown$$00000000)
    .ARM.Collect$$libshutdown$$00000001      0x08000172   Section        6  libshutdown2.o(.ARM.Collect$$libshutdown$$00000001)
    .ARM.Collect$$libshutdown$$00000002      0x08000178   Section        0  libshutdown2.o(.ARM.Collect$$libshutdown$$00000002)
    .ARM.Collect$$libshutdown$$00000004      0x08000178   Section        0  libshutdown2.o(.ARM.Collect$$libshutdown$$00000004)
    .ARM.Collect$$libshutdown$$00000007      0x08000178   Section        0  libshutdown2.o(.ARM.Collect$$libshutdown$$00000007)
    .ARM.Collect$$libshutdown$$0000000A      0x08000178   Section        0  libshutdown2.o(.ARM.Collect$$libshutdown$$0000000A)
    .ARM.Collect$$libshutdown$$0000000C      0x08000178   Section        0  libshutdown2.o(.ARM.Collect$$libshutdown$$0000000C)
    .ARM.Collect$$libshutdown$$0000000F      0x08000178   Section        0  libshutdown2.o(.ARM.Collect$$libshutdown$$0000000F)
    .ARM.Collect$$libshutdown$$00000010      0x08000178   Section        2  libshutdown2.o(.ARM.Collect$$libshutdown$$00000010)
    .ARM.Collect$$rtentry$$00000000          0x0800017a   Section        0  __rtentry.o(.ARM.Collect$$rtentry$$00000000)
    .ARM.Collect$$rtentry$$00000002          0x0800017a   Section        0  __rtentry2.o(.ARM.Collect$$rtentry$$00000002)
    .ARM.Collect$$rtentry$$00000004          0x0800017a   Section        6  __rtentry4.o(.ARM.Collect$$rtentry$$00000004)
    .ARM.Collect$$rtentry$$00000009          0x08000180   Section        0  __rtentry2.o(.ARM.Collect$$rtentry$$00000009)
    .ARM.Collect$$rtentry$$0000000A          0x08000180   Section        4  __rtentry2.o(.ARM.Collect$$rtentry$$0000000A)
    .ARM.Collect$$rtentry$$0000000C          0x08000184   Section        0  __rtentry2.o(.ARM.Collect$$rtentry$$0000000C)
    .ARM.Collect$$rtentry$$0000000D          0x08000184   Section        8  __rtentry2.o(.ARM.Collect$$rtentry$$0000000D)
    .ARM.Collect$$rtexit$$00000000           0x0800018c   Section        2  rtexit.o(.ARM.Collect$$rtexit$$00000000)
    .ARM.Collect$$rtexit$$00000002           0x0800018e   Section        0  rtexit2.o(.ARM.Collect$$rtexit$$00000002)
    .ARM.Collect$$rtexit$$00000003           0x0800018e   Section        4  rtexit2.o(.ARM.Collect$$rtexit$$00000003)
    .ARM.Collect$$rtexit$$00000004           0x08000192   Section        6  rtexit2.o(.ARM.Collect$$rtexit$$00000004)
    .emb_text                                0x08000198   Section        0  maybetermalloc1.o(.emb_text)
    .text                                    0x08000198   Section       64  startup_stm32f10x_md.o(.text)
    .text                                    0x080001d8   Section        0  aeabi_atexit.o(.text)
    .text                                    0x08000206   Section        0  heapauxi.o(.text)
    .text                                    0x0800020c   Section        0  init_aeabi.o(.text)
    .text                                    0x08000230   Section        8  rt_ddtor_pointer_addr_intlibspace.o(.text)
    .text                                    0x08000238   Section        0  h1_alloc.o(.text)
    .text                                    0x08000296   Section        0  cxa_finalize.o(.text)
    .text                                    0x080002d8   Section        0  defsig_pvfn_outer.o(.text)
    .text                                    0x080002e8   Section        8  libspace.o(.text)
    .text                                    0x080002f0   Section        8  rt_heap_descriptor_intlibspace.o(.text)
    .text                                    0x080002f8   Section        0  hguard.o(.text)
    .text                                    0x080002fc   Section        0  init_alloc.o(.text)
    .text                                    0x08000386   Section        0  h1_init.o(.text)
    .text                                    0x08000394   Section        0  h1_free.o(.text)
    .text                                    0x080003e2   Section        0  defsig_exit.o(.text)
    .text                                    0x080003ec   Section        0  defsig_pvfn_inner.o(.text)
    .text                                    0x0800041c   Section        0  sys_exit.o(.text)
    .text                                    0x08000428   Section       74  sys_stackheap_outer.o(.text)
    .text                                    0x08000472   Section        0  h1_extend.o(.text)
    .text                                    0x080004a6   Section        0  exit.o(.text)
    .text                                    0x080004b8   Section        0  defsig_general.o(.text)
    .text                                    0x080004ea   Section        0  defsig_rtmem_outer.o(.text)
    .text                                    0x080004f8   Section        0  sys_wrch.o(.text)
    .text                                    0x08000506   Section        2  use_no_semi.o(.text)
    .text                                    0x08000508   Section        0  indicate_semi.o(.text)
    .text                                    0x08000508   Section        0  defsig_rtmem_inner.o(.text)
    i.GPIO_Init                              0x08000558   Section        0  stm32f10x_gpio.o(i.GPIO_Init)
    i.GPIO_ReadInputDataBit                  0x0800066e   Section        0  stm32f10x_gpio.o(i.GPIO_ReadInputDataBit)
    i.GPIO_ResetBits                         0x08000680   Section        0  stm32f10x_gpio.o(i.GPIO_ResetBits)
    i.GPIO_SetBits                           0x08000684   Section        0  stm32f10x_gpio.o(i.GPIO_SetBits)
    i.GPIO_StructInit                        0x08000688   Section        0  stm32f10x_gpio.o(i.GPIO_StructInit)
    i.HCSR04_GetDistance                     0x08000698   Section        0  hcsr04.o(i.HCSR04_GetDistance)
    i.InitializeEncoder                      0x080006f0   Section        0  encoder.o(i.InitializeEncoder)
    i.InitializeHCSR04                       0x0800071c   Section        0  hcsr04.o(i.InitializeHCSR04)
    i.InitializeMotors                       0x0800072c   Section        0  motorsl298n.o(i.InitializeMotors)
    i.InitializeRURS                         0x08000758   Section        0  rurs.o(i.InitializeRURS)
    i.InitializeStepperMotor                 0x08000768   Section        0  steppermotor.o(i.InitializeStepperMotor)
    i.InitializeUART                         0x08000794   Section        0  uart.o(i.InitializeUART)
    i.Motors_MoveBackward                    0x08000834   Section        0  motorsl298n.o(i.Motors_MoveBackward)
    i.Motors_MoveForward                     0x08000860   Section        0  motorsl298n.o(i.Motors_MoveForward)
    i.Motors_RotateClockwise                 0x0800088c   Section        0  motorsl298n.o(i.Motors_RotateClockwise)
    i.Motors_RotateCounterclockwise          0x080008b8   Section        0  motorsl298n.o(i.Motors_RotateCounterclockwise)
    i.Motors_TurnOff                         0x080008e4   Section        0  motorsl298n.o(i.Motors_TurnOff)
    i.Motors_TurnOn                          0x08000920   Section        0  motorsl298n.o(i.Motors_TurnOn)
    i.RCC_APB1PeriphClockCmd                 0x08000938   Section        0  stm32f10x_rcc.o(i.RCC_APB1PeriphClockCmd)
    i.RCC_APB1PeriphResetCmd                 0x08000958   Section        0  stm32f10x_rcc.o(i.RCC_APB1PeriphResetCmd)
    i.RCC_APB2PeriphClockCmd                 0x08000978   Section        0  stm32f10x_rcc.o(i.RCC_APB2PeriphClockCmd)
    i.RCC_APB2PeriphResetCmd                 0x08000998   Section        0  stm32f10x_rcc.o(i.RCC_APB2PeriphResetCmd)
    i.RCC_GetClocksFreq                      0x080009b8   Section        0  stm32f10x_rcc.o(i.RCC_GetClocksFreq)
    i.RURS_GetCurrentSteps                   0x08000a8c   Section        0  rurs.o(i.RURS_GetCurrentSteps)
    i.RURS_MakeHalfTurn                      0x08000a98   Section        0  rurs.o(i.RURS_MakeHalfTurn)
    i.RURS_ResetPosition                     0x08000abc   Section        0  rurs.o(i.RURS_ResetPosition)
    i.RURS_TakeNextMeasurement               0x08000adc   Section        0  rurs.o(i.RURS_TakeNextMeasurement)
    i.RURS_TurnOn                            0x08000b08   Section        0  rurs.o(i.RURS_TurnOn)
    i.ReadEncoder                            0x08000b18   Section        0  encoder.o(i.ReadEncoder)
    i.SetSysClock                            0x08000b30   Section        0  system_stm32f10x.o(i.SetSysClock)
    SetSysClock                              0x08000b31   Thumb Code     8  system_stm32f10x.o(i.SetSysClock)
    i.SetSysClockTo72                        0x08000b38   Section        0  system_stm32f10x.o(i.SetSysClockTo72)
    SetSysClockTo72                          0x08000b39   Thumb Code   214  system_stm32f10x.o(i.SetSysClockTo72)
    i.StepperMotorMakeStep                   0x08000c18   Section        0  steppermotor.o(i.StepperMotorMakeStep)
    i.StepperMotorSetDirection               0x08000c38   Section        0  steppermotor.o(i.StepperMotorSetDirection)
    i.SystemInit                             0x08000c58   Section        0  system_stm32f10x.o(i.SystemInit)
    i.TI1_Config                             0x08000cb8   Section        0  stm32f10x_tim.o(i.TI1_Config)
    TI1_Config                               0x08000cb9   Thumb Code   108  stm32f10x_tim.o(i.TI1_Config)
    i.TI2_Config                             0x08000d38   Section        0  stm32f10x_tim.o(i.TI2_Config)
    TI2_Config                               0x08000d39   Thumb Code   130  stm32f10x_tim.o(i.TI2_Config)
    i.TIM_ClearFlag                          0x08000dd0   Section        0  stm32f10x_tim.o(i.TIM_ClearFlag)
    i.TIM_Cmd                                0x08000dd6   Section        0  stm32f10x_tim.o(i.TIM_Cmd)
    i.TIM_CtrlPWMOutputs                     0x08000dee   Section        0  stm32f10x_tim.o(i.TIM_CtrlPWMOutputs)
    i.TIM_DeInit                             0x08000e0c   Section        0  stm32f10x_tim.o(i.TIM_DeInit)
    i.TIM_GetCapture1                        0x08000ff4   Section        0  stm32f10x_tim.o(i.TIM_GetCapture1)
    i.TIM_GetCapture2                        0x08000ffa   Section        0  stm32f10x_tim.o(i.TIM_GetCapture2)
    i.TIM_GetFlagStatus                      0x08001000   Section        0  stm32f10x_tim.o(i.TIM_GetFlagStatus)
    i.TIM_OC3Init                            0x08001014   Section        0  stm32f10x_tim.o(i.TIM_OC3Init)
    i.TIM_OCStructInit                       0x080010b4   Section        0  stm32f10x_tim.o(i.TIM_OCStructInit)
    i.TIM_PWMIConfig                         0x080010c8   Section        0  stm32f10x_tim.o(i.TIM_PWMIConfig)
    i.TIM_SelectInputTrigger                 0x08001144   Section        0  stm32f10x_tim.o(i.TIM_SelectInputTrigger)
    i.TIM_SelectMasterSlaveMode              0x08001156   Section        0  stm32f10x_tim.o(i.TIM_SelectMasterSlaveMode)
    i.TIM_SetCounter                         0x08001168   Section        0  stm32f10x_tim.o(i.TIM_SetCounter)
    i.TIM_SetIC1Prescaler                    0x0800116c   Section        0  stm32f10x_tim.o(i.TIM_SetIC1Prescaler)
    i.TIM_SetIC2Prescaler                    0x0800117e   Section        0  stm32f10x_tim.o(i.TIM_SetIC2Prescaler)
    i.TIM_TimeBaseInit                       0x08001198   Section        0  stm32f10x_tim.o(i.TIM_TimeBaseInit)
    i.TurnOnStepperMotor                     0x0800123c   Section        0  steppermotor.o(i.TurnOnStepperMotor)
    i.UART_HandleReceived                    0x0800124c   Section        0  main_1.o(i.UART_HandleReceived)
    i.UART_SendSingleAsBytes                 0x08001268   Section        0  uart.o(i.UART_SendSingleAsBytes)
    i.USART1_IRQHandler                      0x0800128c   Section        0  uart.o(i.USART1_IRQHandler)
    i.USART_Cmd                              0x080012ac   Section        0  stm32f10x_usart.o(i.USART_Cmd)
    i.USART_GetITStatus                      0x080012c4   Section        0  stm32f10x_usart.o(i.USART_GetITStatus)
    i.USART_ITConfig                         0x08001318   Section        0  stm32f10x_usart.o(i.USART_ITConfig)
    i.USART_Init                             0x08001364   Section        0  stm32f10x_usart.o(i.USART_Init)
    i.USART_ReceiveData                      0x0800143c   Section        0  stm32f10x_usart.o(i.USART_ReceiveData)
    i.USART_SendData                         0x08001446   Section        0  stm32f10x_usart.o(i.USART_SendData)
    i.USART_StructInit                       0x0800144e   Section        0  stm32f10x_usart.o(i.USART_StructInit)
    i._ZN12WaitingStateC1EPK14TransitionInfoi 0x08001468   Section        0  imploopfsm.o(i._ZN12WaitingStateC1EPK14TransitionInfoi)
    i._ZN12WaitingStateD1Ev                  0x08001488   Section        0  imploopfsm.o(i._ZN12WaitingStateD1Ev)
    i._ZN13AbstractStateC2EPK14TransitionInfoi 0x08001498   Section        0  oopfsm.o(i._ZN13AbstractStateC2EPK14TransitionInfoi)
    i._ZN13AbstractStateD2Ev                 0x080014a8   Section        0  oopfsm.o(i._ZN13AbstractStateD2Ev)
    i._ZN13ScanningStateC1EPK14TransitionInfoi 0x080014c0   Section        0  imploopfsm.o(i._ZN13ScanningStateC1EPK14TransitionInfoi)
    i._ZN13ScanningStateD1Ev                 0x080014e0   Section        0  imploopfsm.o(i._ZN13ScanningStateD1Ev)
    i._ZN18MovingForwardStateC1EPK14TransitionInfoi 0x080014f0   Section        0  imploopfsm.o(i._ZN18MovingForwardStateC1EPK14TransitionInfoi)
    i._ZN18MovingForwardStateD1Ev            0x08001510   Section        0  imploopfsm.o(i._ZN18MovingForwardStateD1Ev)
    i._ZN19MovingBackwardStateC1EPK14TransitionInfoi 0x08001520   Section        0  imploopfsm.o(i._ZN19MovingBackwardStateC1EPK14TransitionInfoi)
    i._ZN19MovingBackwardStateD1Ev           0x08001540   Section        0  imploopfsm.o(i._ZN19MovingBackwardStateD1Ev)
    i._ZN22RotatingClockwiseStateC1EPK14TransitionInfoi 0x08001550   Section        0  imploopfsm.o(i._ZN22RotatingClockwiseStateC1EPK14TransitionInfoi)
    i._ZN22RotatingClockwiseStateD1Ev        0x08001570   Section        0  imploopfsm.o(i._ZN22RotatingClockwiseStateD1Ev)
    i._ZN29RotatingCounterclockwiseStateC1EPK14TransitionInfoi 0x08001580   Section        0  imploopfsm.o(i._ZN29RotatingCounterclockwiseStateC1EPK14TransitionInfoi)
    i._ZN29RotatingCounterclockwiseStateD1Ev 0x080015a0   Section        0  imploopfsm.o(i._ZN29RotatingCounterclockwiseStateD1Ev)
    i._ZNK12WaitingState6HandleEv            0x080015ae   Section        0  imploopfsm.o(i._ZNK12WaitingState6HandleEv)
    i._ZNK13AbstractState14MakeTransitionEc  0x080015bc   Section        0  oopfsm.o(i._ZNK13AbstractState14MakeTransitionEc)
    i._ZNK13ScanningState6HandleEv           0x080015ec   Section        0  imploopfsm.o(i._ZNK13ScanningState6HandleEv)
    i._ZNK18MovingForwardState6HandleEv      0x0800160e   Section        0  imploopfsm.o(i._ZNK18MovingForwardState6HandleEv)
    i._ZNK19MovingBackwardState6HandleEv     0x08001632   Section        0  imploopfsm.o(i._ZNK19MovingBackwardState6HandleEv)
    i._ZNK22RotatingClockwiseState6HandleEv  0x08001656   Section        0  imploopfsm.o(i._ZNK22RotatingClockwiseState6HandleEv)
    i._ZNK29RotatingCounterclockwiseState6HandleEv 0x08001664   Section        0  imploopfsm.o(i._ZNK29RotatingCounterclockwiseState6HandleEv)
    i._ZdaPv                                 0x08001672   Section        0  array_del.o(i._ZdaPv)
    i._ZdlPv                                 0x0800167a   Section        0  delete.o(i._ZdlPv)
    i.__cxa_pure_virtual                     0x08001682   Section        0  pure_virt.o(i.__cxa_pure_virtual)
    i.__sti___14_implOOPFSM_cpp_d5f82cbe     0x08001688   Section        0  imploopfsm.o(i.__sti___14_implOOPFSM_cpp_d5f82cbe)
    __sti___14_implOOPFSM_cpp_d5f82cbe       0x08001689   Thumb Code   124  imploopfsm.o(i.__sti___14_implOOPFSM_cpp_d5f82cbe)
    i.delay_ms                               0x08001748   Section        0  delay.o(i.delay_ms)
    i.enableHCSR04PeriphClock                0x0800175a   Section        0  hcsr04.o(i.enableHCSR04PeriphClock)
    enableHCSR04PeriphClock                  0x0800175b   Thumb Code    28  hcsr04.o(i.enableHCSR04PeriphClock)
    i.initMeasureTimer                       0x08001778   Section        0  hcsr04.o(i.initMeasureTimer)
    initMeasureTimer                         0x08001779   Thumb Code   168  hcsr04.o(i.initMeasureTimer)
    i.initPins                               0x08001828   Section        0  hcsr04.o(i.initPins)
    initPins                                 0x08001829   Thumb Code    56  hcsr04.o(i.initPins)
    i.main                                   0x08001868   Section        0  main_1.o(i.main)
    .constdata                               0x08001894   Section       72  imploopfsm.o(.constdata)
    movingTransitions                        0x08001894   Data          16  imploopfsm.o(.constdata)
    rotatingTransitions                      0x080018a4   Data           8  imploopfsm.o(.constdata)
    waitingTransitions                       0x080018ac   Data          40  imploopfsm.o(.constdata)
    scanningTransitions                      0x080018d4   Data           8  imploopfsm.o(.constdata)
    .constdata__ZTV12WaitingState            0x080018dc   Section       16  imploopfsm.o(.constdata__ZTV12WaitingState)
    .constdata__ZTV13AbstractState           0x080018ec   Section       16  oopfsm.o(.constdata__ZTV13AbstractState)
    .constdata__ZTV13ScanningState           0x080018fc   Section       16  imploopfsm.o(.constdata__ZTV13ScanningState)
    .constdata__ZTV18MovingForwardState      0x0800190c   Section       16  imploopfsm.o(.constdata__ZTV18MovingForwardState)
    .constdata__ZTV19MovingBackwardState     0x0800191c   Section       16  imploopfsm.o(.constdata__ZTV19MovingBackwardState)
    .constdata__ZTV22RotatingClockwiseState  0x0800192c   Section       16  imploopfsm.o(.constdata__ZTV22RotatingClockwiseState)
    .constdata__ZTV29RotatingCounterclockwiseState 0x0800193c   Section       16  imploopfsm.o(.constdata__ZTV29RotatingCounterclockwiseState)
    .init_array                              0x0800196c   Section        4  imploopfsm.o(.init_array)
    .init_array                              0x08001970   Section        0  init_aeabi.o(.init_array)
    .data                                    0x20000000   Section        4  uart.o(.data)
    .data                                    0x20000004   Section        2  rurs.o(.data)
    .data                                    0x20000008   Section        4  imploopfsm.o(.data)
    .data                                    0x2000000c   Section       20  stm32f10x_rcc.o(.data)
    APBAHBPrescTable                         0x2000000c   Data          16  stm32f10x_rcc.o(.data)
    ADCPrescTable                            0x2000001c   Data           4  stm32f10x_rcc.o(.data)
    .bss                                     0x20000020   Section       16  uart.o(.bss)
    .bss                                     0x20000030   Section       72  imploopfsm.o(.bss)
    .bss                                     0x20000078   Section       96  libspace.o(.bss)
    HEAP                                     0x200000d8   Section      512  startup_stm32f10x_md.o(HEAP)
    Heap_Mem                                 0x200000d8   Data         512  startup_stm32f10x_md.o(HEAP)
    STACK                                    0x200002d8   Section     1024  startup_stm32f10x_md.o(STACK)
    Stack_Mem                                0x200002d8   Data        1024  startup_stm32f10x_md.o(STACK)
    __initial_sp                             0x200006d8   Data           0  startup_stm32f10x_md.o(STACK)

    Global Symbols

    Symbol Name                              Value     Ov Type        Size  Object(Section)

    BuildAttributes$$THM_ISAv4$P$D$K$B$S$PE$A:L22UL41UL21$X:L11$S22US41US21$IEEE1$IW$USESV6$~STKCKD$USESV7$~SHL$OTIME$ROPI$EBA8$UX$STANDARDLIB$REQ8$PRES8$EABIv2 0x00000000   Number         0  anon$$obj.o ABSOLUTE
    __ARM_use_no_argv                        0x00000000   Number         0  main_1.o ABSOLUTE
    __ARM::default_unexpected_handler()       - Undefined Weak Reference
    __ARM_exceptions_buffer_required          - Undefined Weak Reference
    __ARM_exceptions_init                     - Undefined Weak Reference
    __alloca_initialize                       - Undefined Weak Reference
    __arm_preinit_                            - Undefined Weak Reference
    __rt_locale                               - Undefined Weak Reference
    __sigvec_lookup                           - Undefined Weak Reference
    __user_heap_extent                        - Undefined Weak Reference
    _atexit_init                              - Undefined Weak Reference
    _call_atexit_fns                          - Undefined Weak Reference
    _clock_init                               - Undefined Weak Reference
    _fp_trap_init                             - Undefined Weak Reference
    _fp_trap_shutdown                         - Undefined Weak Reference
    _get_lc_collate                           - Undefined Weak Reference
    _get_lc_ctype                             - Undefined Weak Reference
    _get_lc_monetary                          - Undefined Weak Reference
    _get_lc_numeric                           - Undefined Weak Reference
    _get_lc_time                              - Undefined Weak Reference
    _getenv_init                              - Undefined Weak Reference
    _handle_redirection                       - Undefined Weak Reference
    _initio                                   - Undefined Weak Reference
    _mutex_acquire                            - Undefined Weak Reference
    _mutex_free                               - Undefined Weak Reference
    _mutex_release                            - Undefined Weak Reference
    _printf_post_padding                      - Undefined Weak Reference
    _printf_pre_padding                       - Undefined Weak Reference
    _printf_truncate_signed                   - Undefined Weak Reference
    _printf_truncate_unsigned                 - Undefined Weak Reference
    _rand_init                                - Undefined Weak Reference
    _signal_finish                            - Undefined Weak Reference
    _signal_init                              - Undefined Weak Reference
    _terminateio                              - Undefined Weak Reference
    __Vectors_Size                           0x000000ec   Number         0  startup_stm32f10x_md.o ABSOLUTE
    __Vectors                                0x08000000   Data           4  startup_stm32f10x_md.o(RESET)
    __dso_handle                             0x08000000   Number         0  startup_stm32f10x_md.o(RESET)
    __Vectors_End                            0x080000ec   Data           0  startup_stm32f10x_md.o(RESET)
    __main                                   0x080000ed   Thumb Code     8  __main.o(!!!main)
    __scatterload                            0x080000f5   Thumb Code     0  __scatter.o(!!!scatter)
    __scatterload_rt2                        0x080000f5   Thumb Code    44  __scatter.o(!!!scatter)
    __scatterload_rt2_thumb_only             0x080000f5   Thumb Code     0  __scatter.o(!!!scatter)
    __scatterload_null                       0x08000103   Thumb Code     0  __scatter.o(!!!scatter)
    __scatterload_copy                       0x08000129   Thumb Code    26  __scatter_copy.o(!!handler_copy)
    __scatterload_zeroinit                   0x08000145   Thumb Code    28  __scatter_zi.o(!!handler_zi)
    __rt_lib_init                            0x08000161   Thumb Code     0  libinit.o(.ARM.Collect$$libinit$$00000000)
    __rt_lib_init_fp_1                       0x08000163   Thumb Code     0  libinit2.o(.ARM.Collect$$libinit$$00000002)
    __rt_lib_init_heap_2                     0x08000163   Thumb Code     0  libinit2.o(.ARM.Collect$$libinit$$00000005)
    __rt_lib_init_preinit_1                  0x08000163   Thumb Code     0  libinit2.o(.ARM.Collect$$libinit$$00000004)
    __rt_lib_init_alloca_1                   0x0800016b   Thumb Code     0  libinit2.o(.ARM.Collect$$libinit$$0000002E)
    __rt_lib_init_argv_1                     0x0800016b   Thumb Code     0  libinit2.o(.ARM.Collect$$libinit$$0000002C)
    __rt_lib_init_atexit_1                   0x0800016b   Thumb Code     0  libinit2.o(.ARM.Collect$$libinit$$0000001B)
    __rt_lib_init_clock_1                    0x0800016b   Thumb Code     0  libinit2.o(.ARM.Collect$$libinit$$00000021)
    __rt_lib_init_cpp_2                      0x0800016b   Thumb Code     0  libinit2.o(.ARM.Collect$$libinit$$00000031)
    __rt_lib_init_exceptions_1               0x0800016b   Thumb Code     0  libinit2.o(.ARM.Collect$$libinit$$00000030)
    __rt_lib_init_fp_trap_1                  0x0800016b   Thumb Code     0  libinit2.o(.ARM.Collect$$libinit$$0000001F)
    __rt_lib_init_getenv_1                   0x0800016b   Thumb Code     0  libinit2.o(.ARM.Collect$$libinit$$00000023)
    __rt_lib_init_heap_1                     0x0800016b   Thumb Code     0  libinit2.o(.ARM.Collect$$libinit$$0000000A)
    __rt_lib_init_lc_collate_1               0x0800016b   Thumb Code     0  libinit2.o(.ARM.Collect$$libinit$$00000011)
    __rt_lib_init_lc_ctype_1                 0x0800016b   Thumb Code     0  libinit2.o(.ARM.Collect$$libinit$$00000013)
    __rt_lib_init_lc_monetary_1              0x0800016b   Thumb Code     0  libinit2.o(.ARM.Collect$$libinit$$00000015)
    __rt_lib_init_lc_numeric_1               0x0800016b   Thumb Code     0  libinit2.o(.ARM.Collect$$libinit$$00000017)
    __rt_lib_init_lc_time_1                  0x0800016b   Thumb Code     0  libinit2.o(.ARM.Collect$$libinit$$00000019)
    __rt_lib_init_rand_1                     0x0800016b   Thumb Code     0  libinit2.o(.ARM.Collect$$libinit$$0000000E)
    __rt_lib_init_signal_1                   0x0800016b   Thumb Code     0  libinit2.o(.ARM.Collect$$libinit$$0000001D)
    __rt_lib_init_stdio_1                    0x0800016b   Thumb Code     0  libinit2.o(.ARM.Collect$$libinit$$00000025)
    __rt_lib_init_user_alloc_1               0x0800016b   Thumb Code     0  libinit2.o(.ARM.Collect$$libinit$$0000000C)
    __rt_lib_init_cpp_1                      0x0800016f   Thumb Code     0  libinit2.o(.ARM.Collect$$libinit$$00000032)
    __rt_lib_init_return                     0x0800016f   Thumb Code     0  libinit2.o(.ARM.Collect$$libinit$$00000033)
    __rt_lib_shutdown                        0x08000171   Thumb Code     0  libshutdown.o(.ARM.Collect$$libshutdown$$00000000)
    __rt_lib_shutdown_cpp_2                  0x08000173   Thumb Code     0  libshutdown2.o(.ARM.Collect$$libshutdown$$00000001)
    __rt_lib_shutdown_cpp_1                  0x08000179   Thumb Code     0  libshutdown2.o(.ARM.Collect$$libshutdown$$00000002)
    __rt_lib_shutdown_fp_trap_1              0x08000179   Thumb Code     0  libshutdown2.o(.ARM.Collect$$libshutdown$$00000007)
    __rt_lib_shutdown_heap_1                 0x08000179   Thumb Code     0  libshutdown2.o(.ARM.Collect$$libshutdown$$0000000F)
    __rt_lib_shutdown_return                 0x08000179   Thumb Code     0  libshutdown2.o(.ARM.Collect$$libshutdown$$00000010)
    __rt_lib_shutdown_signal_1               0x08000179   Thumb Code     0  libshutdown2.o(.ARM.Collect$$libshutdown$$0000000A)
    __rt_lib_shutdown_stdio_1                0x08000179   Thumb Code     0  libshutdown2.o(.ARM.Collect$$libshutdown$$00000004)
    __rt_lib_shutdown_user_alloc_1           0x08000179   Thumb Code     0  libshutdown2.o(.ARM.Collect$$libshutdown$$0000000C)
    __rt_entry                               0x0800017b   Thumb Code     0  __rtentry.o(.ARM.Collect$$rtentry$$00000000)
    __rt_entry_presh_1                       0x0800017b   Thumb Code     0  __rtentry2.o(.ARM.Collect$$rtentry$$00000002)
    __rt_entry_sh                            0x0800017b   Thumb Code     0  __rtentry4.o(.ARM.Collect$$rtentry$$00000004)
    __rt_entry_li                            0x08000181   Thumb Code     0  __rtentry2.o(.ARM.Collect$$rtentry$$0000000A)
    __rt_entry_postsh_1                      0x08000181   Thumb Code     0  __rtentry2.o(.ARM.Collect$$rtentry$$00000009)
    __rt_entry_main                          0x08000185   Thumb Code     0  __rtentry2.o(.ARM.Collect$$rtentry$$0000000D)
    __rt_entry_postli_1                      0x08000185   Thumb Code     0  __rtentry2.o(.ARM.Collect$$rtentry$$0000000C)
    __rt_exit                                0x0800018d   Thumb Code     0  rtexit.o(.ARM.Collect$$rtexit$$00000000)
    __rt_exit_ls                             0x0800018f   Thumb Code     0  rtexit2.o(.ARM.Collect$$rtexit$$00000003)
    __rt_exit_prels_1                        0x0800018f   Thumb Code     0  rtexit2.o(.ARM.Collect$$rtexit$$00000002)
    __rt_exit_exit                           0x08000193   Thumb Code     0  rtexit2.o(.ARM.Collect$$rtexit$$00000004)
    Reset_Handler                            0x08000199   Thumb Code     8  startup_stm32f10x_md.o(.text)
    _maybe_terminate_alloc                   0x08000199   Thumb Code     0  maybetermalloc1.o(.emb_text)
    NMI_Handler                              0x080001a1   Thumb Code     2  startup_stm32f10x_md.o(.text)
    HardFault_Handler                        0x080001a3   Thumb Code     2  startup_stm32f10x_md.o(.text)
    MemManage_Handler                        0x080001a5   Thumb Code     2  startup_stm32f10x_md.o(.text)
    BusFault_Handler                         0x080001a7   Thumb Code     2  startup_stm32f10x_md.o(.text)
    UsageFault_Handler                       0x080001a9   Thumb Code     2  startup_stm32f10x_md.o(.text)
    SVC_Handler                              0x080001ab   Thumb Code     2  startup_stm32f10x_md.o(.text)
    DebugMon_Handler                         0x080001ad   Thumb Code     2  startup_stm32f10x_md.o(.text)
    PendSV_Handler                           0x080001af   Thumb Code     2  startup_stm32f10x_md.o(.text)
    SysTick_Handler                          0x080001b1   Thumb Code     2  startup_stm32f10x_md.o(.text)
    ADC1_2_IRQHandler                        0x080001b3   Thumb Code     0  startup_stm32f10x_md.o(.text)
    CAN1_RX1_IRQHandler                      0x080001b3   Thumb Code     0  startup_stm32f10x_md.o(.text)
    CAN1_SCE_IRQHandler                      0x080001b3   Thumb Code     0  startup_stm32f10x_md.o(.text)
    DMA1_Channel1_IRQHandler                 0x080001b3   Thumb Code     0  startup_stm32f10x_md.o(.text)
    DMA1_Channel2_IRQHandler                 0x080001b3   Thumb Code     0  startup_stm32f10x_md.o(.text)
    DMA1_Channel3_IRQHandler                 0x080001b3   Thumb Code     0  startup_stm32f10x_md.o(.text)
    DMA1_Channel4_IRQHandler                 0x080001b3   Thumb Code     0  startup_stm32f10x_md.o(.text)
    DMA1_Channel5_IRQHandler                 0x080001b3   Thumb Code     0  startup_stm32f10x_md.o(.text)
    DMA1_Channel6_IRQHandler                 0x080001b3   Thumb Code     0  startup_stm32f10x_md.o(.text)
    DMA1_Channel7_IRQHandler                 0x080001b3   Thumb Code     0  startup_stm32f10x_md.o(.text)
    EXTI0_IRQHandler                         0x080001b3   Thumb Code     0  startup_stm32f10x_md.o(.text)
    EXTI15_10_IRQHandler                     0x080001b3   Thumb Code     0  startup_stm32f10x_md.o(.text)
    EXTI1_IRQHandler                         0x080001b3   Thumb Code     0  startup_stm32f10x_md.o(.text)
    EXTI2_IRQHandler                         0x080001b3   Thumb Code     0  startup_stm32f10x_md.o(.text)
    EXTI3_IRQHandler                         0x080001b3   Thumb Code     0  startup_stm32f10x_md.o(.text)
    EXTI4_IRQHandler                         0x080001b3   Thumb Code     0  startup_stm32f10x_md.o(.text)
    EXTI9_5_IRQHandler                       0x080001b3   Thumb Code     0  startup_stm32f10x_md.o(.text)
    FLASH_IRQHandler                         0x080001b3   Thumb Code     0  startup_stm32f10x_md.o(.text)
    I2C1_ER_IRQHandler                       0x080001b3   Thumb Code     0  startup_stm32f10x_md.o(.text)
    I2C1_EV_IRQHandler                       0x080001b3   Thumb Code     0  startup_stm32f10x_md.o(.text)
    I2C2_ER_IRQHandler                       0x080001b3   Thumb Code     0  startup_stm32f10x_md.o(.text)
    I2C2_EV_IRQHandler                       0x080001b3   Thumb Code     0  startup_stm32f10x_md.o(.text)
    PVD_IRQHandler                           0x080001b3   Thumb Code     0  startup_stm32f10x_md.o(.text)
    RCC_IRQHandler                           0x080001b3   Thumb Code     0  startup_stm32f10x_md.o(.text)
    RTCAlarm_IRQHandler                      0x080001b3   Thumb Code     0  startup_stm32f10x_md.o(.text)
    RTC_IRQHandler                           0x080001b3   Thumb Code     0  startup_stm32f10x_md.o(.text)
    SPI1_IRQHandler                          0x080001b3   Thumb Code     0  startup_stm32f10x_md.o(.text)
    SPI2_IRQHandler                          0x080001b3   Thumb Code     0  startup_stm32f10x_md.o(.text)
    TAMPER_IRQHandler                        0x080001b3   Thumb Code     0  startup_stm32f10x_md.o(.text)
    TIM1_BRK_IRQHandler                      0x080001b3   Thumb Code     0  startup_stm32f10x_md.o(.text)
    TIM1_CC_IRQHandler                       0x080001b3   Thumb Code     0  startup_stm32f10x_md.o(.text)
    TIM1_TRG_COM_IRQHandler                  0x080001b3   Thumb Code     0  startup_stm32f10x_md.o(.text)
    TIM1_UP_IRQHandler                       0x080001b3   Thumb Code     0  startup_stm32f10x_md.o(.text)
    TIM2_IRQHandler                          0x080001b3   Thumb Code     0  startup_stm32f10x_md.o(.text)
    TIM3_IRQHandler                          0x080001b3   Thumb Code     0  startup_stm32f10x_md.o(.text)
    TIM4_IRQHandler                          0x080001b3   Thumb Code     0  startup_stm32f10x_md.o(.text)
    USART2_IRQHandler                        0x080001b3   Thumb Code     0  startup_stm32f10x_md.o(.text)
    USART3_IRQHandler                        0x080001b3   Thumb Code     0  startup_stm32f10x_md.o(.text)
    USBWakeUp_IRQHandler                     0x080001b3   Thumb Code     0  startup_stm32f10x_md.o(.text)
    USB_HP_CAN1_TX_IRQHandler                0x080001b3   Thumb Code     0  startup_stm32f10x_md.o(.text)
    USB_LP_CAN1_RX0_IRQHandler               0x080001b3   Thumb Code     0  startup_stm32f10x_md.o(.text)
    WWDG_IRQHandler                          0x080001b3   Thumb Code     0  startup_stm32f10x_md.o(.text)
    __user_initial_stackheap                 0x080001b5   Thumb Code     0  startup_stm32f10x_md.o(.text)
    __aeabi_atexit                           0x080001d9   Thumb Code    46  aeabi_atexit.o(.text)
    __use_two_region_memory                  0x08000207   Thumb Code     2  heapauxi.o(.text)
    __rt_heap_escrow                         0x08000209   Thumb Code     2  heapauxi.o(.text)
    __rt_heap_expand                         0x0800020b   Thumb Code     2  heapauxi.o(.text)
    __cpp_initialize__aeabi_                 0x0800020d   Thumb Code    26  init_aeabi.o(.text)
    __rt_ddtor_pointer_addr                  0x08000231   Thumb Code     8  rt_ddtor_pointer_addr_intlibspace.o(.text)
    malloc                                   0x08000239   Thumb Code    94  h1_alloc.o(.text)
    __cxa_finalize                           0x08000297   Thumb Code    66  cxa_finalize.o(.text)
    __rt_SIGPVFN                             0x080002d9   Thumb Code    14  defsig_pvfn_outer.o(.text)
    __user_libspace                          0x080002e9   Thumb Code     8  libspace.o(.text)
    __user_perproc_libspace                  0x080002e9   Thumb Code     0  libspace.o(.text)
    __user_perthread_libspace                0x080002e9   Thumb Code     0  libspace.o(.text)
    __rt_heap_descriptor                     0x080002f1   Thumb Code     8  rt_heap_descriptor_intlibspace.o(.text)
    __use_no_heap                            0x080002f9   Thumb Code     2  hguard.o(.text)
    __heap$guard                             0x080002fb   Thumb Code     2  hguard.o(.text)
    _terminate_user_alloc                    0x080002fd   Thumb Code     2  init_alloc.o(.text)
    _init_user_alloc                         0x080002ff   Thumb Code     2  init_alloc.o(.text)
    __Heap_Full                              0x08000301   Thumb Code    34  init_alloc.o(.text)
    __Heap_Broken                            0x08000323   Thumb Code     6  init_alloc.o(.text)
    _init_alloc                              0x08000329   Thumb Code    94  init_alloc.o(.text)
    __Heap_Initialize                        0x08000387   Thumb Code    10  h1_init.o(.text)
    __Heap_DescSize                          0x08000391   Thumb Code     4  h1_init.o(.text)
    free                                     0x08000395   Thumb Code    78  h1_free.o(.text)
    __sig_exit                               0x080003e3   Thumb Code    10  defsig_exit.o(.text)
    __rt_SIGPVFN_inner                       0x080003ed   Thumb Code    14  defsig_pvfn_inner.o(.text)
    _sys_exit                                0x0800041d   Thumb Code     8  sys_exit.o(.text)
    __user_setup_stackheap                   0x08000429   Thumb Code    74  sys_stackheap_outer.o(.text)
    __Heap_ProvideMemory                     0x08000473   Thumb Code    52  h1_extend.o(.text)
    exit                                     0x080004a7   Thumb Code    18  exit.o(.text)
    __default_signal_display                 0x080004b9   Thumb Code    50  defsig_general.o(.text)
    __rt_SIGRTMEM                            0x080004eb   Thumb Code    14  defsig_rtmem_outer.o(.text)
    _ttywrch                                 0x080004f9   Thumb Code    14  sys_wrch.o(.text)
    __I$use$semihosting                      0x08000507   Thumb Code     0  use_no_semi.o(.text)
    __use_no_semihosting_swi                 0x08000507   Thumb Code     2  use_no_semi.o(.text)
    __rt_SIGRTMEM_inner                      0x08000509   Thumb Code    22  defsig_rtmem_inner.o(.text)
    __semihosting_library_function           0x08000509   Thumb Code     0  indicate_semi.o(.text)
    GPIO_Init                                0x08000559   Thumb Code   278  stm32f10x_gpio.o(i.GPIO_Init)
    GPIO_ReadInputDataBit                    0x0800066f   Thumb Code    18  stm32f10x_gpio.o(i.GPIO_ReadInputDataBit)
    GPIO_ResetBits                           0x08000681   Thumb Code     4  stm32f10x_gpio.o(i.GPIO_ResetBits)
    GPIO_SetBits                             0x08000685   Thumb Code     4  stm32f10x_gpio.o(i.GPIO_SetBits)
    GPIO_StructInit                          0x08000689   Thumb Code    16  stm32f10x_gpio.o(i.GPIO_StructInit)
    HCSR04_GetDistance                       0x08000699   Thumb Code    84  hcsr04.o(i.HCSR04_GetDistance)
    InitializeEncoder                        0x080006f1   Thumb Code    38  encoder.o(i.InitializeEncoder)
    InitializeHCSR04                         0x0800071d   Thumb Code    16  hcsr04.o(i.InitializeHCSR04)
    InitializeMotors                         0x0800072d   Thumb Code    40  motorsl298n.o(i.InitializeMotors)
    InitializeRURS                           0x08000759   Thumb Code    16  rurs.o(i.InitializeRURS)
    InitializeStepperMotor                   0x08000769   Thumb Code    38  steppermotor.o(i.InitializeStepperMotor)
    InitializeUART                           0x08000795   Thumb Code   144  uart.o(i.InitializeUART)
    Motors_MoveBackward                      0x08000835   Thumb Code    38  motorsl298n.o(i.Motors_MoveBackward)
    Motors_MoveForward                       0x08000861   Thumb Code    38  motorsl298n.o(i.Motors_MoveForward)
    Motors_RotateClockwise                   0x0800088d   Thumb Code    38  motorsl298n.o(i.Motors_RotateClockwise)
    Motors_RotateCounterclockwise            0x080008b9   Thumb Code    38  motorsl298n.o(i.Motors_RotateCounterclockwise)
    Motors_TurnOff                           0x080008e5   Thumb Code    54  motorsl298n.o(i.Motors_TurnOff)
    Motors_TurnOn                            0x08000921   Thumb Code    20  motorsl298n.o(i.Motors_TurnOn)
    RCC_APB1PeriphClockCmd                   0x08000939   Thumb Code    26  stm32f10x_rcc.o(i.RCC_APB1PeriphClockCmd)
    RCC_APB1PeriphResetCmd                   0x08000959   Thumb Code    26  stm32f10x_rcc.o(i.RCC_APB1PeriphResetCmd)
    RCC_APB2PeriphClockCmd                   0x08000979   Thumb Code    26  stm32f10x_rcc.o(i.RCC_APB2PeriphClockCmd)
    RCC_APB2PeriphResetCmd                   0x08000999   Thumb Code    26  stm32f10x_rcc.o(i.RCC_APB2PeriphResetCmd)
    RCC_GetClocksFreq                        0x080009b9   Thumb Code   192  stm32f10x_rcc.o(i.RCC_GetClocksFreq)
    RURS_GetCurrentSteps                     0x08000a8d   Thumb Code     6  rurs.o(i.RURS_GetCurrentSteps)
    RURS_MakeHalfTurn                        0x08000a99   Thumb Code    30  rurs.o(i.RURS_MakeHalfTurn)
    RURS_ResetPosition                       0x08000abd   Thumb Code    26  rurs.o(i.RURS_ResetPosition)
    RURS_TakeNextMeasurement                 0x08000add   Thumb Code    40  rurs.o(i.RURS_TakeNextMeasurement)
    RURS_TurnOn                              0x08000b09   Thumb Code    14  rurs.o(i.RURS_TurnOn)
    ReadEncoder                              0x08000b19   Thumb Code    20  encoder.o(i.ReadEncoder)
    StepperMotorMakeStep                     0x08000c19   Thumb Code    28  steppermotor.o(i.StepperMotorMakeStep)
    StepperMotorSetDirection                 0x08000c39   Thumb Code    26  steppermotor.o(i.StepperMotorSetDirection)
    SystemInit                               0x08000c59   Thumb Code    78  system_stm32f10x.o(i.SystemInit)
    TIM_ClearFlag                            0x08000dd1   Thumb Code     6  stm32f10x_tim.o(i.TIM_ClearFlag)
    TIM_Cmd                                  0x08000dd7   Thumb Code    24  stm32f10x_tim.o(i.TIM_Cmd)
    TIM_CtrlPWMOutputs                       0x08000def   Thumb Code    30  stm32f10x_tim.o(i.TIM_CtrlPWMOutputs)
    TIM_DeInit                               0x08000e0d   Thumb Code   424  stm32f10x_tim.o(i.TIM_DeInit)
    TIM_GetCapture1                          0x08000ff5   Thumb Code     6  stm32f10x_tim.o(i.TIM_GetCapture1)
    TIM_GetCapture2                          0x08000ffb   Thumb Code     6  stm32f10x_tim.o(i.TIM_GetCapture2)
    TIM_GetFlagStatus                        0x08001001   Thumb Code    18  stm32f10x_tim.o(i.TIM_GetFlagStatus)
    TIM_OC3Init                              0x08001015   Thumb Code   150  stm32f10x_tim.o(i.TIM_OC3Init)
    TIM_OCStructInit                         0x080010b5   Thumb Code    20  stm32f10x_tim.o(i.TIM_OCStructInit)
    TIM_PWMIConfig                           0x080010c9   Thumb Code   124  stm32f10x_tim.o(i.TIM_PWMIConfig)
    TIM_SelectInputTrigger                   0x08001145   Thumb Code    18  stm32f10x_tim.o(i.TIM_SelectInputTrigger)
    TIM_SelectMasterSlaveMode                0x08001157   Thumb Code    18  stm32f10x_tim.o(i.TIM_SelectMasterSlaveMode)
    TIM_SetCounter                           0x08001169   Thumb Code     4  stm32f10x_tim.o(i.TIM_SetCounter)
    TIM_SetIC1Prescaler                      0x0800116d   Thumb Code    18  stm32f10x_tim.o(i.TIM_SetIC1Prescaler)
    TIM_SetIC2Prescaler                      0x0800117f   Thumb Code    26  stm32f10x_tim.o(i.TIM_SetIC2Prescaler)
    TIM_TimeBaseInit                         0x08001199   Thumb Code   122  stm32f10x_tim.o(i.TIM_TimeBaseInit)
    TurnOnStepperMotor                       0x0800123d   Thumb Code    12  steppermotor.o(i.TurnOnStepperMotor)
    UART_HandleReceived                      0x0800124d   Thumb Code    22  main_1.o(i.UART_HandleReceived)
    UART_SendSingleAsBytes                   0x08001269   Thumb Code    32  uart.o(i.UART_SendSingleAsBytes)
    USART1_IRQHandler                        0x0800128d   Thumb Code    28  uart.o(i.USART1_IRQHandler)
    USART_Cmd                                0x080012ad   Thumb Code    24  stm32f10x_usart.o(i.USART_Cmd)
    USART_GetITStatus                        0x080012c5   Thumb Code    84  stm32f10x_usart.o(i.USART_GetITStatus)
    USART_ITConfig                           0x08001319   Thumb Code    74  stm32f10x_usart.o(i.USART_ITConfig)
    USART_Init                               0x08001365   Thumb Code   210  stm32f10x_usart.o(i.USART_Init)
    USART_ReceiveData                        0x0800143d   Thumb Code    10  stm32f10x_usart.o(i.USART_ReceiveData)
    USART_SendData                           0x08001447   Thumb Code     8  stm32f10x_usart.o(i.USART_SendData)
    USART_StructInit                         0x0800144f   Thumb Code    24  stm32f10x_usart.o(i.USART_StructInit)
    WaitingState::WaitingState(const TransitionInfo*, int) 0x08001469   Thumb Code    28  imploopfsm.o(i._ZN12WaitingStateC1EPK14TransitionInfoi)
    WaitingState::WaitingState__sub_object(const TransitionInfo*, int) 0x08001469   Thumb Code     0  imploopfsm.o(i._ZN12WaitingStateC1EPK14TransitionInfoi)
    WaitingState::~WaitingState()            0x08001489   Thumb Code    14  imploopfsm.o(i._ZN12WaitingStateD1Ev)
    WaitingState::~WaitingState__sub_object() 0x08001489   Thumb Code     0  imploopfsm.o(i._ZN12WaitingStateD1Ev)
    AbstractState::AbstractState__sub_object(const TransitionInfo*, int) 0x08001499   Thumb Code    10  oopfsm.o(i._ZN13AbstractStateC2EPK14TransitionInfoi)
    AbstractState::~AbstractState()          0x080014a9   Thumb Code     0  oopfsm.o(i._ZN13AbstractStateD2Ev)
    AbstractState::~AbstractState__sub_object() 0x080014a9   Thumb Code    18  oopfsm.o(i._ZN13AbstractStateD2Ev)
    ScanningState::ScanningState(const TransitionInfo*, int) 0x080014c1   Thumb Code    28  imploopfsm.o(i._ZN13ScanningStateC1EPK14TransitionInfoi)
    ScanningState::ScanningState__sub_object(const TransitionInfo*, int) 0x080014c1   Thumb Code     0  imploopfsm.o(i._ZN13ScanningStateC1EPK14TransitionInfoi)
    ScanningState::~ScanningState()          0x080014e1   Thumb Code    14  imploopfsm.o(i._ZN13ScanningStateD1Ev)
    ScanningState::~ScanningState__sub_object() 0x080014e1   Thumb Code     0  imploopfsm.o(i._ZN13ScanningStateD1Ev)
    MovingForwardState::MovingForwardState(const TransitionInfo*, int) 0x080014f1   Thumb Code    28  imploopfsm.o(i._ZN18MovingForwardStateC1EPK14TransitionInfoi)
    MovingForwardState::MovingForwardState__sub_object(const TransitionInfo*, int) 0x080014f1   Thumb Code     0  imploopfsm.o(i._ZN18MovingForwardStateC1EPK14TransitionInfoi)
    MovingForwardState::~MovingForwardState() 0x08001511   Thumb Code    14  imploopfsm.o(i._ZN18MovingForwardStateD1Ev)
    MovingForwardState::~MovingForwardState__sub_object() 0x08001511   Thumb Code     0  imploopfsm.o(i._ZN18MovingForwardStateD1Ev)
    MovingBackwardState::MovingBackwardState(const TransitionInfo*, int) 0x08001521   Thumb Code    28  imploopfsm.o(i._ZN19MovingBackwardStateC1EPK14TransitionInfoi)
    MovingBackwardState::MovingBackwardState__sub_object(const TransitionInfo*, int) 0x08001521   Thumb Code     0  imploopfsm.o(i._ZN19MovingBackwardStateC1EPK14TransitionInfoi)
    MovingBackwardState::~MovingBackwardState() 0x08001541   Thumb Code    14  imploopfsm.o(i._ZN19MovingBackwardStateD1Ev)
    MovingBackwardState::~MovingBackwardState__sub_object() 0x08001541   Thumb Code     0  imploopfsm.o(i._ZN19MovingBackwardStateD1Ev)
    RotatingClockwiseState::RotatingClockwiseState(const TransitionInfo*, int) 0x08001551   Thumb Code    28  imploopfsm.o(i._ZN22RotatingClockwiseStateC1EPK14TransitionInfoi)
    RotatingClockwiseState::RotatingClockwiseState__sub_object(const TransitionInfo*, int) 0x08001551   Thumb Code     0  imploopfsm.o(i._ZN22RotatingClockwiseStateC1EPK14TransitionInfoi)
    RotatingClockwiseState::~RotatingClockwiseState() 0x08001571   Thumb Code    14  imploopfsm.o(i._ZN22RotatingClockwiseStateD1Ev)
    RotatingClockwiseState::~RotatingClockwiseState__sub_object() 0x08001571   Thumb Code     0  imploopfsm.o(i._ZN22RotatingClockwiseStateD1Ev)
    RotatingCounterclockwiseState::RotatingCounterclockwiseState(const TransitionInfo*, int) 0x08001581   Thumb Code    28  imploopfsm.o(i._ZN29RotatingCounterclockwiseStateC1EPK14TransitionInfoi)
    RotatingCounterclockwiseState::RotatingCounterclockwiseState__sub_object(const TransitionInfo*, int) 0x08001581   Thumb Code     0  imploopfsm.o(i._ZN29RotatingCounterclockwiseStateC1EPK14TransitionInfoi)
    RotatingCounterclockwiseState::~RotatingCounterclockwiseState() 0x080015a1   Thumb Code    14  imploopfsm.o(i._ZN29RotatingCounterclockwiseStateD1Ev)
    RotatingCounterclockwiseState::~RotatingCounterclockwiseState__sub_object() 0x080015a1   Thumb Code     0  imploopfsm.o(i._ZN29RotatingCounterclockwiseStateD1Ev)
    WaitingState::Handle() const             0x080015af   Thumb Code    14  imploopfsm.o(i._ZNK12WaitingState6HandleEv)
    AbstractState::MakeTransition(char) const 0x080015bd   Thumb Code    44  oopfsm.o(i._ZNK13AbstractState14MakeTransitionEc)
    ScanningState::Handle() const            0x080015ed   Thumb Code    34  imploopfsm.o(i._ZNK13ScanningState6HandleEv)
    MovingForwardState::Handle() const       0x0800160f   Thumb Code    36  imploopfsm.o(i._ZNK18MovingForwardState6HandleEv)
    MovingBackwardState::Handle() const      0x08001633   Thumb Code    36  imploopfsm.o(i._ZNK19MovingBackwardState6HandleEv)
    RotatingClockwiseState::Handle() const   0x08001657   Thumb Code    14  imploopfsm.o(i._ZNK22RotatingClockwiseState6HandleEv)
    RotatingCounterclockwiseState::Handle() const 0x08001665   Thumb Code    14  imploopfsm.o(i._ZNK29RotatingCounterclockwiseState6HandleEv)
    operator delete[] (void*)                0x08001673   Thumb Code     8  array_del.o(i._ZdaPv)
    operator delete (void*)                  0x0800167b   Thumb Code     8  delete.o(i._ZdlPv)
    __cxa_pure_virtual                       0x08001683   Thumb Code     6  pure_virt.o(i.__cxa_pure_virtual)
    delay_ms                                 0x08001749   Thumb Code    18  delay.o(i.delay_ms)
    main                                     0x08001869   Thumb Code    38  main_1.o(i.main)
    vtable for WaitingState                  0x080018dc   Data          16  imploopfsm.o(.constdata__ZTV12WaitingState)
    vtable for AbstractState                 0x080018ec   Data          16  oopfsm.o(.constdata__ZTV13AbstractState)
    vtable for ScanningState                 0x080018fc   Data          16  imploopfsm.o(.constdata__ZTV13ScanningState)
    vtable for MovingForwardState            0x0800190c   Data          16  imploopfsm.o(.constdata__ZTV18MovingForwardState)
    vtable for MovingBackwardState           0x0800191c   Data          16  imploopfsm.o(.constdata__ZTV19MovingBackwardState)
    vtable for RotatingClockwiseState        0x0800192c   Data          16  imploopfsm.o(.constdata__ZTV22RotatingClockwiseState)
    vtable for RotatingCounterclockwiseState 0x0800193c   Data          16  imploopfsm.o(.constdata__ZTV29RotatingCounterclockwiseState)
    Region$$Table$$Base                      0x0800194c   Number         0  anon$$obj.o(Region$$Table)
    Region$$Table$$Limit                     0x0800196c   Number         0  anon$$obj.o(Region$$Table)
    SHT$$INIT_ARRAY$$Base                    0x0800196c   Number         0  imploopfsm.o(.init_array)
    SHT$$INIT_ARRAY$$Limit                   0x08001970   Number         0  init_aeabi.o(.init_array)
    port                                     0x20000000   Data           4  uart.o(.data)
    steps                                    0x20000004   Data           2  rurs.o(.data)
    currentState                             0x20000008   Data           4  imploopfsm.o(.data)
    usart                                    0x20000020   Data          16  uart.o(.bss)
    movingForward                            0x20000030   Data          12  imploopfsm.o(.bss)
    movingBackward                           0x2000003c   Data          12  imploopfsm.o(.bss)
    rotatingClockwise                        0x20000048   Data          12  imploopfsm.o(.bss)
    rotatingCounterclockwise                 0x20000054   Data          12  imploopfsm.o(.bss)
    waiting                                  0x20000060   Data          12  imploopfsm.o(.bss)
    scanning                                 0x2000006c   Data          12  imploopfsm.o(.bss)
    __libspace_start                         0x20000078   Data          96  libspace.o(.bss)
    __temporary_stack_top$libspace           0x200000d8   Data           0  libspace.o(.bss)



==============================================================================

Memory Map of the image

  Image Entry point : 0x08000199

  Load Region LR_1 (Base: 0x08000000, Size: 0x00001990, Max: 0xffffffff, ABSOLUTE)

    Execution Region ER_RO (Exec base: 0x08000000, Load base: 0x08000000, Size: 0x00001970, Max: 0xffffffff, ABSOLUTE)

    Exec Addr    Load Addr    Size         Type   Attr      Idx    E Section Name        Object

    0x08000000   0x08000000   0x000000ec   Data   RO         1880    RESET               startup_stm32f10x_md.o
    0x080000ec   0x080000ec   0x00000008   Code   RO         1971  * !!!main             c_w.l(__main.o)
    0x080000f4   0x080000f4   0x00000034   Code   RO         2418    !!!scatter          c_w.l(__scatter.o)
    0x08000128   0x08000128   0x0000001a   Code   RO         2420    !!handler_copy      c_w.l(__scatter_copy.o)
    0x08000142   0x08000142   0x00000002   PAD
    0x08000144   0x08000144   0x0000001c   Code   RO         2422    !!handler_zi        c_w.l(__scatter_zi.o)
    0x08000160   0x08000160   0x00000002   Code   RO         2367    .ARM.Collect$$libinit$$00000000  c_w.l(libinit.o)
    0x08000162   0x08000162   0x00000000   Code   RO         2168    .ARM.Collect$$libinit$$00000002  c_w.l(libinit2.o)
    0x08000162   0x08000162   0x00000000   Code   RO         2170    .ARM.Collect$$libinit$$00000004  c_w.l(libinit2.o)
    0x08000162   0x08000162   0x00000008   Code   RO         2171    .ARM.Collect$$libinit$$00000005  c_w.l(libinit2.o)
    0x0800016a   0x0800016a   0x00000000   Code   RO         2173    .ARM.Collect$$libinit$$0000000A  c_w.l(libinit2.o)
    0x0800016a   0x0800016a   0x00000000   Code   RO         2175    .ARM.Collect$$libinit$$0000000C  c_w.l(libinit2.o)
    0x0800016a   0x0800016a   0x00000000   Code   RO         2177    .ARM.Collect$$libinit$$0000000E  c_w.l(libinit2.o)
    0x0800016a   0x0800016a   0x00000000   Code   RO         2180    .ARM.Collect$$libinit$$00000011  c_w.l(libinit2.o)
    0x0800016a   0x0800016a   0x00000000   Code   RO         2182    .ARM.Collect$$libinit$$00000013  c_w.l(libinit2.o)
    0x0800016a   0x0800016a   0x00000000   Code   RO         2184    .ARM.Collect$$libinit$$00000015  c_w.l(libinit2.o)
    0x0800016a   0x0800016a   0x00000000   Code   RO         2186    .ARM.Collect$$libinit$$00000017  c_w.l(libinit2.o)
    0x0800016a   0x0800016a   0x00000000   Code   RO         2188    .ARM.Collect$$libinit$$00000019  c_w.l(libinit2.o)
    0x0800016a   0x0800016a   0x00000000   Code   RO         2190    .ARM.Collect$$libinit$$0000001B  c_w.l(libinit2.o)
    0x0800016a   0x0800016a   0x00000000   Code   RO         2192    .ARM.Collect$$libinit$$0000001D  c_w.l(libinit2.o)
    0x0800016a   0x0800016a   0x00000000   Code   RO         2194    .ARM.Collect$$libinit$$0000001F  c_w.l(libinit2.o)
    0x0800016a   0x0800016a   0x00000000   Code   RO         2196    .ARM.Collect$$libinit$$00000021  c_w.l(libinit2.o)
    0x0800016a   0x0800016a   0x00000000   Code   RO         2198    .ARM.Collect$$libinit$$00000023  c_w.l(libinit2.o)
    0x0800016a   0x0800016a   0x00000000   Code   RO         2200    .ARM.Collect$$libinit$$00000025  c_w.l(libinit2.o)
    0x0800016a   0x0800016a   0x00000000   Code   RO         2204    .ARM.Collect$$libinit$$0000002C  c_w.l(libinit2.o)
    0x0800016a   0x0800016a   0x00000000   Code   RO         2206    .ARM.Collect$$libinit$$0000002E  c_w.l(libinit2.o)
    0x0800016a   0x0800016a   0x00000000   Code   RO         2208    .ARM.Collect$$libinit$$00000030  c_w.l(libinit2.o)
    0x0800016a   0x0800016a   0x00000004   Code   RO         2209    .ARM.Collect$$libinit$$00000031  c_w.l(libinit2.o)
    0x0800016e   0x0800016e   0x00000000   Code   RO         2210    .ARM.Collect$$libinit$$00000032  c_w.l(libinit2.o)
    0x0800016e   0x0800016e   0x00000002   Code   RO         2211    .ARM.Collect$$libinit$$00000033  c_w.l(libinit2.o)
    0x08000170   0x08000170   0x00000002   Code   RO         2415    .ARM.Collect$$libshutdown$$00000000  c_w.l(libshutdown.o)
    0x08000172   0x08000172   0x00000006   Code   RO         2293    .ARM.Collect$$libshutdown$$00000001  c_w.l(libshutdown2.o)
    0x08000178   0x08000178   0x00000000   Code   RO         2294    .ARM.Collect$$libshutdown$$00000002  c_w.l(libshutdown2.o)
    0x08000178   0x08000178   0x00000000   Code   RO         2296    .ARM.Collect$$libshutdown$$00000004  c_w.l(libshutdown2.o)
    0x08000178   0x08000178   0x00000000   Code   RO         2299    .ARM.Collect$$libshutdown$$00000007  c_w.l(libshutdown2.o)
    0x08000178   0x08000178   0x00000000   Code   RO         2302    .ARM.Collect$$libshutdown$$0000000A  c_w.l(libshutdown2.o)
    0x08000178   0x08000178   0x00000000   Code   RO         2304    .ARM.Collect$$libshutdown$$0000000C  c_w.l(libshutdown2.o)
    0x08000178   0x08000178   0x00000000   Code   RO         2307    .ARM.Collect$$libshutdown$$0000000F  c_w.l(libshutdown2.o)
    0x08000178   0x08000178   0x00000002   Code   RO         2308    .ARM.Collect$$libshutdown$$00000010  c_w.l(libshutdown2.o)
    0x0800017a   0x0800017a   0x00000000   Code   RO         2091    .ARM.Collect$$rtentry$$00000000  c_w.l(__rtentry.o)
    0x0800017a   0x0800017a   0x00000000   Code   RO         2234    .ARM.Collect$$rtentry$$00000002  c_w.l(__rtentry2.o)
    0x0800017a   0x0800017a   0x00000006   Code   RO         2246    .ARM.Collect$$rtentry$$00000004  c_w.l(__rtentry4.o)
    0x08000180   0x08000180   0x00000000   Code   RO         2236    .ARM.Collect$$rtentry$$00000009  c_w.l(__rtentry2.o)
    0x08000180   0x08000180   0x00000004   Code   RO         2237    .ARM.Collect$$rtentry$$0000000A  c_w.l(__rtentry2.o)
    0x08000184   0x08000184   0x00000000   Code   RO         2239    .ARM.Collect$$rtentry$$0000000C  c_w.l(__rtentry2.o)
    0x08000184   0x08000184   0x00000008   Code   RO         2240    .ARM.Collect$$rtentry$$0000000D  c_w.l(__rtentry2.o)
    0x0800018c   0x0800018c   0x00000002   Code   RO         2376    .ARM.Collect$$rtexit$$00000000  c_w.l(rtexit.o)
    0x0800018e   0x0800018e   0x00000000   Code   RO         2389    .ARM.Collect$$rtexit$$00000002  c_w.l(rtexit2.o)
    0x0800018e   0x0800018e   0x00000004   Code   RO         2390    .ARM.Collect$$rtexit$$00000003  c_w.l(rtexit2.o)
    0x08000192   0x08000192   0x00000006   Code   RO         2391    .ARM.Collect$$rtexit$$00000004  c_w.l(rtexit2.o)
    0x08000198   0x08000198   0x00000000   Code   RO         2337    .emb_text           c_w.l(maybetermalloc1.o)
    0x08000198   0x08000198   0x00000040   Code   RO         1881  * .text               startup_stm32f10x_md.o
    0x080001d8   0x080001d8   0x0000002e   Code   RO         1966    .text               c_w.l(aeabi_atexit.o)
    0x08000206   0x08000206   0x00000006   Code   RO         1969    .text               c_w.l(heapauxi.o)
    0x0800020c   0x0800020c   0x00000024   Code   RO         1976    .text               c_w.l(init_aeabi.o)
    0x08000230   0x08000230   0x00000008   Code   RO         2095    .text               c_w.l(rt_ddtor_pointer_addr_intlibspace.o)
    0x08000238   0x08000238   0x0000005e   Code   RO         2099    .text               c_w.l(h1_alloc.o)
    0x08000296   0x08000296   0x00000042   Code   RO         2160    .text               c_w.l(cxa_finalize.o)
    0x080002d8   0x080002d8   0x0000000e   Code   RO         2163    .text               c_w.l(defsig_pvfn_outer.o)
    0x080002e6   0x080002e6   0x00000002   PAD
    0x080002e8   0x080002e8   0x00000008   Code   RO         2228    .text               c_w.l(libspace.o)
    0x080002f0   0x080002f0   0x00000008   Code   RO         2253    .text               c_w.l(rt_heap_descriptor_intlibspace.o)
    0x080002f8   0x080002f8   0x00000004   Code   RO         2255    .text               c_w.l(hguard.o)
    0x080002fc   0x080002fc   0x0000008a   Code   RO         2257    .text               c_w.l(init_alloc.o)
    0x08000386   0x08000386   0x0000000e   Code   RO         2263    .text               c_w.l(h1_init.o)
    0x08000394   0x08000394   0x0000004e   Code   RO         2265    .text               c_w.l(h1_free.o)
    0x080003e2   0x080003e2   0x0000000a   Code   RO         2283    .text               c_w.l(defsig_exit.o)
    0x080003ec   0x080003ec   0x00000030   Code   RO         2285    .text               c_w.l(defsig_pvfn_inner.o)
    0x0800041c   0x0800041c   0x0000000c   Code   RO         2326    .text               c_w.l(sys_exit.o)
    0x08000428   0x08000428   0x0000004a   Code   RO         2328    .text               c_w.l(sys_stackheap_outer.o)
    0x08000472   0x08000472   0x00000034   Code   RO         2339    .text               c_w.l(h1_extend.o)
    0x080004a6   0x080004a6   0x00000012   Code   RO         2343    .text               c_w.l(exit.o)
    0x080004b8   0x080004b8   0x00000032   Code   RO         2349    .text               c_w.l(defsig_general.o)
    0x080004ea   0x080004ea   0x0000000e   Code   RO         2351    .text               c_w.l(defsig_rtmem_outer.o)
    0x080004f8   0x080004f8   0x0000000e   Code   RO         2371    .text               c_w.l(sys_wrch.o)
    0x08000506   0x08000506   0x00000002   Code   RO         2373    .text               c_w.l(use_no_semi.o)
    0x08000508   0x08000508   0x00000000   Code   RO         2375    .text               c_w.l(indicate_semi.o)
    0x08000508   0x08000508   0x00000050   Code   RO         2384    .text               c_w.l(defsig_rtmem_inner.o)
    0x08000558   0x08000558   0x00000116   Code   RO          749    i.GPIO_Init         stm32f10x_gpio.o
    0x0800066e   0x0800066e   0x00000012   Code   RO          753    i.GPIO_ReadInputDataBit  stm32f10x_gpio.o
    0x08000680   0x08000680   0x00000004   Code   RO          756    i.GPIO_ResetBits    stm32f10x_gpio.o
    0x08000684   0x08000684   0x00000004   Code   RO          757    i.GPIO_SetBits      stm32f10x_gpio.o
    0x08000688   0x08000688   0x00000010   Code   RO          758    i.GPIO_StructInit   stm32f10x_gpio.o
    0x08000698   0x08000698   0x00000058   Code   RO          357    i.HCSR04_GetDistance  hcsr04.o
    0x080006f0   0x080006f0   0x0000002c   Code   RO          198    i.InitializeEncoder  encoder.o
    0x0800071c   0x0800071c   0x00000010   Code   RO          358    i.InitializeHCSR04  hcsr04.o
    0x0800072c   0x0800072c   0x0000002c   Code   RO          294    i.InitializeMotors  motorsl298n.o
    0x08000758   0x08000758   0x00000010   Code   RO          231    i.InitializeRURS    rurs.o
    0x08000768   0x08000768   0x0000002c   Code   RO           27    i.InitializeStepperMotor  steppermotor.o
    0x08000794   0x08000794   0x000000a0   Code   RO          135    i.InitializeUART    uart.o
    0x08000834   0x08000834   0x0000002c   Code   RO          295    i.Motors_MoveBackward  motorsl298n.o
    0x08000860   0x08000860   0x0000002c   Code   RO          296    i.Motors_MoveForward  motorsl298n.o
    0x0800088c   0x0800088c   0x0000002c   Code   RO          297    i.Motors_RotateClockwise  motorsl298n.o
    0x080008b8   0x080008b8   0x0000002c   Code   RO          298    i.Motors_RotateCounterclockwise  motorsl298n.o
    0x080008e4   0x080008e4   0x0000003c   Code   RO          299    i.Motors_TurnOff    motorsl298n.o
    0x08000920   0x08000920   0x00000018   Code   RO          300    i.Motors_TurnOn     motorsl298n.o
    0x08000938   0x08000938   0x00000020   Code   RO          871    i.RCC_APB1PeriphClockCmd  stm32f10x_rcc.o
    0x08000958   0x08000958   0x00000020   Code   RO          872    i.RCC_APB1PeriphResetCmd  stm32f10x_rcc.o
    0x08000978   0x08000978   0x00000020   Code   RO          873    i.RCC_APB2PeriphClockCmd  stm32f10x_rcc.o
    0x08000998   0x08000998   0x00000020   Code   RO          874    i.RCC_APB2PeriphResetCmd  stm32f10x_rcc.o
    0x080009b8   0x080009b8   0x000000d4   Code   RO          881    i.RCC_GetClocksFreq  stm32f10x_rcc.o
    0x08000a8c   0x08000a8c   0x0000000c   Code   RO          232    i.RURS_GetCurrentSteps  rurs.o
    0x08000a98   0x08000a98   0x00000024   Code   RO          233    i.RURS_MakeHalfTurn  rurs.o
    0x08000abc   0x08000abc   0x00000020   Code   RO          234    i.RURS_ResetPosition  rurs.o
    0x08000adc   0x08000adc   0x0000002c   Code   RO          235    i.RURS_TakeNextMeasurement  rurs.o
    0x08000b08   0x08000b08   0x0000000e   Code   RO          236    i.RURS_TurnOn       rurs.o
    0x08000b16   0x08000b16   0x00000002   PAD
    0x08000b18   0x08000b18   0x00000018   Code   RO          199    i.ReadEncoder       encoder.o
    0x08000b30   0x08000b30   0x00000008   Code   RO         1888    i.SetSysClock       system_stm32f10x.o
    0x08000b38   0x08000b38   0x000000e0   Code   RO         1889    i.SetSysClockTo72   system_stm32f10x.o
    0x08000c18   0x08000c18   0x00000020   Code   RO           28    i.StepperMotorMakeStep  steppermotor.o
    0x08000c38   0x08000c38   0x00000020   Code   RO           31    i.StepperMotorSetDirection  steppermotor.o
    0x08000c58   0x08000c58   0x00000060   Code   RO         1891    i.SystemInit        system_stm32f10x.o
    0x08000cb8   0x08000cb8   0x00000080   Code   RO         1081    i.TI1_Config        stm32f10x_tim.o
    0x08000d38   0x08000d38   0x00000098   Code   RO         1082    i.TI2_Config        stm32f10x_tim.o
    0x08000dd0   0x08000dd0   0x00000006   Code   RO         1091    i.TIM_ClearFlag     stm32f10x_tim.o
    0x08000dd6   0x08000dd6   0x00000018   Code   RO         1097    i.TIM_Cmd           stm32f10x_tim.o
    0x08000dee   0x08000dee   0x0000001e   Code   RO         1099    i.TIM_CtrlPWMOutputs  stm32f10x_tim.o
    0x08000e0c   0x08000e0c   0x000001e8   Code   RO         1102    i.TIM_DeInit        stm32f10x_tim.o
    0x08000ff4   0x08000ff4   0x00000006   Code   RO         1112    i.TIM_GetCapture1   stm32f10x_tim.o
    0x08000ffa   0x08000ffa   0x00000006   Code   RO         1113    i.TIM_GetCapture2   stm32f10x_tim.o
    0x08001000   0x08001000   0x00000012   Code   RO         1117    i.TIM_GetFlagStatus  stm32f10x_tim.o
    0x08001012   0x08001012   0x00000002   PAD
    0x08001014   0x08001014   0x000000a0   Code   RO         1136    i.TIM_OC3Init       stm32f10x_tim.o
    0x080010b4   0x080010b4   0x00000014   Code   RO         1144    i.TIM_OCStructInit  stm32f10x_tim.o
    0x080010c8   0x080010c8   0x0000007c   Code   RO         1145    i.TIM_PWMIConfig    stm32f10x_tim.o
    0x08001144   0x08001144   0x00000012   Code   RO         1150    i.TIM_SelectInputTrigger  stm32f10x_tim.o
    0x08001156   0x08001156   0x00000012   Code   RO         1151    i.TIM_SelectMasterSlaveMode  stm32f10x_tim.o
    0x08001168   0x08001168   0x00000004   Code   RO         1162    i.TIM_SetCounter    stm32f10x_tim.o
    0x0800116c   0x0800116c   0x00000012   Code   RO         1163    i.TIM_SetIC1Prescaler  stm32f10x_tim.o
    0x0800117e   0x0800117e   0x0000001a   Code   RO         1164    i.TIM_SetIC2Prescaler  stm32f10x_tim.o
    0x08001198   0x08001198   0x000000a4   Code   RO         1168    i.TIM_TimeBaseInit  stm32f10x_tim.o
    0x0800123c   0x0800123c   0x00000010   Code   RO           33    i.TurnOnStepperMotor  steppermotor.o
    0x0800124c   0x0800124c   0x0000001c   Code   RO          402    i.UART_HandleReceived  main_1.o
    0x08001268   0x08001268   0x00000024   Code   RO          138    i.UART_SendSingleAsBytes  uart.o
    0x0800128c   0x0800128c   0x00000020   Code   RO          139    i.USART1_IRQHandler  uart.o
    0x080012ac   0x080012ac   0x00000018   Code   RO         1645    i.USART_Cmd         stm32f10x_usart.o
    0x080012c4   0x080012c4   0x00000054   Code   RO         1649    i.USART_GetITStatus  stm32f10x_usart.o
    0x08001318   0x08001318   0x0000004a   Code   RO         1651    i.USART_ITConfig    stm32f10x_usart.o
    0x08001362   0x08001362   0x00000002   PAD
    0x08001364   0x08001364   0x000000d8   Code   RO         1652    i.USART_Init        stm32f10x_usart.o
    0x0800143c   0x0800143c   0x0000000a   Code   RO         1659    i.USART_ReceiveData  stm32f10x_usart.o
    0x08001446   0x08001446   0x00000008   Code   RO         1662    i.USART_SendData    stm32f10x_usart.o
    0x0800144e   0x0800144e   0x00000018   Code   RO         1668    i.USART_StructInit  stm32f10x_usart.o
    0x08001466   0x08001466   0x00000002   PAD
    0x08001468   0x08001468   0x00000020   Code   RO          500    i._ZN12WaitingStateC1EPK14TransitionInfoi  imploopfsm.o
    0x08001488   0x08001488   0x0000000e   Code   RO          620    i._ZN12WaitingStateD1Ev  imploopfsm.o
    0x08001496   0x08001496   0x00000002   PAD
    0x08001498   0x08001498   0x00000010   Code   RO          660    i._ZN13AbstractStateC2EPK14TransitionInfoi  oopfsm.o
    0x080014a8   0x080014a8   0x00000018   Code   RO          661    i._ZN13AbstractStateD2Ev  oopfsm.o
    0x080014c0   0x080014c0   0x00000020   Code   RO          501    i._ZN13ScanningStateC1EPK14TransitionInfoi  imploopfsm.o
    0x080014e0   0x080014e0   0x0000000e   Code   RO          623    i._ZN13ScanningStateD1Ev  imploopfsm.o
    0x080014ee   0x080014ee   0x00000002   PAD
    0x080014f0   0x080014f0   0x00000020   Code   RO          502    i._ZN18MovingForwardStateC1EPK14TransitionInfoi  imploopfsm.o
    0x08001510   0x08001510   0x0000000e   Code   RO          608    i._ZN18MovingForwardStateD1Ev  imploopfsm.o
    0x0800151e   0x0800151e   0x00000002   PAD
    0x08001520   0x08001520   0x00000020   Code   RO          503    i._ZN19MovingBackwardStateC1EPK14TransitionInfoi  imploopfsm.o
    0x08001540   0x08001540   0x0000000e   Code   RO          611    i._ZN19MovingBackwardStateD1Ev  imploopfsm.o
    0x0800154e   0x0800154e   0x00000002   PAD
    0x08001550   0x08001550   0x00000020   Code   RO          504    i._ZN22RotatingClockwiseStateC1EPK14TransitionInfoi  imploopfsm.o
    0x08001570   0x08001570   0x0000000e   Code   RO          614    i._ZN22RotatingClockwiseStateD1Ev  imploopfsm.o
    0x0800157e   0x0800157e   0x00000002   PAD
    0x08001580   0x08001580   0x00000020   Code   RO          505    i._ZN29RotatingCounterclockwiseStateC1EPK14TransitionInfoi  imploopfsm.o
    0x080015a0   0x080015a0   0x0000000e   Code   RO          617    i._ZN29RotatingCounterclockwiseStateD1Ev  imploopfsm.o
    0x080015ae   0x080015ae   0x0000000e   Code   RO          506    i._ZNK12WaitingState6HandleEv  imploopfsm.o
    0x080015bc   0x080015bc   0x00000030   Code   RO          662    i._ZNK13AbstractState14MakeTransitionEc  oopfsm.o
    0x080015ec   0x080015ec   0x00000022   Code   RO          507    i._ZNK13ScanningState6HandleEv  imploopfsm.o
    0x0800160e   0x0800160e   0x00000024   Code   RO          508    i._ZNK18MovingForwardState6HandleEv  imploopfsm.o
    0x08001632   0x08001632   0x00000024   Code   RO          509    i._ZNK19MovingBackwardState6HandleEv  imploopfsm.o
    0x08001656   0x08001656   0x0000000e   Code   RO          510    i._ZNK22RotatingClockwiseState6HandleEv  imploopfsm.o
    0x08001664   0x08001664   0x0000000e   Code   RO          511    i._ZNK29RotatingCounterclockwiseState6HandleEv  imploopfsm.o
    0x08001672   0x08001672   0x00000008   Code   RO         1979    i._ZdaPv            cpprt_w.l(array_del.o)
    0x0800167a   0x0800167a   0x00000008   Code   RO         2212    i._ZdlPv            cpprt_w.l(delete.o)
    0x08001682   0x08001682   0x00000006   Code   RO         1982    i.__cxa_pure_virtual  cpprt_w.l(pure_virt.o)
    0x08001688   0x08001688   0x000000c0   Code   RO          512    i.__sti___14_implOOPFSM_cpp_d5f82cbe  imploopfsm.o
    0x08001748   0x08001748   0x00000012   Code   RO            1    i.delay_ms          delay.o
    0x0800175a   0x0800175a   0x0000001c   Code   RO          359    i.enableHCSR04PeriphClock  hcsr04.o
    0x08001776   0x08001776   0x00000002   PAD
    0x08001778   0x08001778   0x000000b0   Code   RO          360    i.initMeasureTimer  hcsr04.o
    0x08001828   0x08001828   0x00000040   Code   RO          361    i.initPins          hcsr04.o
    0x08001868   0x08001868   0x0000002c   Code   RO          403    i.main              main_1.o
    0x08001894   0x08001894   0x00000048   Data   RO          527    .constdata          imploopfsm.o
    0x080018dc   0x080018dc   0x00000010   Data   RO          605    .constdata__ZTV12WaitingState  imploopfsm.o
    0x080018ec   0x080018ec   0x00000010   Data   RO          682    .constdata__ZTV13AbstractState  oopfsm.o
    0x080018fc   0x080018fc   0x00000010   Data   RO          607    .constdata__ZTV13ScanningState  imploopfsm.o
    0x0800190c   0x0800190c   0x00000010   Data   RO          597    .constdata__ZTV18MovingForwardState  imploopfsm.o
    0x0800191c   0x0800191c   0x00000010   Data   RO          599    .constdata__ZTV19MovingBackwardState  imploopfsm.o
    0x0800192c   0x0800192c   0x00000010   Data   RO          601    .constdata__ZTV22RotatingClockwiseState  imploopfsm.o
    0x0800193c   0x0800193c   0x00000010   Data   RO          603    .constdata__ZTV29RotatingCounterclockwiseState  imploopfsm.o
    0x0800194c   0x0800194c   0x00000020   Data   RO         2416    Region$$Table       anon$$obj.o
    0x0800196c   0x0800196c   0x00000004   Data   RO          529    .init_array         imploopfsm.o
    0x08001970   0x0800196c   0x00000000   Data   RO         1974    .init_array         c_w.l(init_aeabi.o)


    Execution Region ER_RW (Exec base: 0x20000000, Load base: 0x08001970, Size: 0x00000020, Max: 0xffffffff, ABSOLUTE)

    Exec Addr    Load Addr    Size         Type   Attr      Idx    E Section Name        Object

    0x20000000   0x08001970   0x00000004   Data   RW          141    .data               uart.o
    0x20000004   0x08001974   0x00000002   Data   RW          237    .data               rurs.o
    0x20000006   0x08001976   0x00000002   PAD
    0x20000008   0x08001978   0x00000004   Data   RW          528    .data               imploopfsm.o
    0x2000000c   0x0800197c   0x00000014   Data   RW          901    .data               stm32f10x_rcc.o


    Execution Region ER_ZI (Exec base: 0x20000020, Load base: 0x08001990, Size: 0x000006b8, Max: 0xffffffff, ABSOLUTE)

    Exec Addr    Load Addr    Size         Type   Attr      Idx    E Section Name        Object

    0x20000020        -       0x00000010   Zero   RW          140    .bss                uart.o
    0x20000030        -       0x00000048   Zero   RW          526    .bss                imploopfsm.o
    0x20000078        -       0x00000060   Zero   RW         2229    .bss                c_w.l(libspace.o)
    0x200000d8        -       0x00000200   Zero   RW         1879    HEAP                startup_stm32f10x_md.o
    0x200002d8        -       0x00000400   Zero   RW         1878    STACK               startup_stm32f10x_md.o


==============================================================================

Image component sizes


      Code (inc. data)   RO Data    RW Data    ZI Data      Debug   Object Name

        18          0          0          0          0       1891   delay.o
        68         10          0          0          0        934   encoder.o
       372         20          0          0          0       2384   hcsr04.o
       616         92        172          4         72      10167   imploopfsm.o
        72         12          0          0          0       5189   main_1.o
       304         38          0          0          0       3164   motorsl298n.o
        88         16         16          0          0       2127   oopfsm.o
       154         22          0          2          0       2830   rurs.o
        64         26        236          0       1536        804   startup_stm32f10x_md.o
       124         20          0          0          0     251328   steppermotor.o
       320          0          0          0          0       4482   stm32f10x_gpio.o
       340         44          0         20          0       5860   stm32f10x_rcc.o
      1410        158          0          0          0      12231   stm32f10x_tim.o
       440          6          0          0          0       6410   stm32f10x_usart.o
       328         28          0          0          0       2041   system_stm32f10x.o
       228         24          0          4         16      26530   uart.o

    ----------------------------------------------------------------------
      4966        516        456         32       1624     338372   Object Totals
         0          0         32          0          0          0   (incl. Generated)
        20          0          0          2          0          0   (incl. Padding)

    ----------------------------------------------------------------------

      Code (inc. data)   RO Data    RW Data    ZI Data      Debug   Library Member Name

         8          0          0          0          0         68   __main.o
         0          0          0          0          0          0   __rtentry.o
        12          0          0          0          0          0   __rtentry2.o
         6          0          0          0          0          0   __rtentry4.o
        52          8          0          0          0          0   __scatter.o
        26          0          0          0          0          0   __scatter_copy.o
        28          0          0          0          0          0   __scatter_zi.o
        46          0          0          0          0         84   aeabi_atexit.o
        66          0          0          0          0         84   cxa_finalize.o
        10          0          0          0          0         68   defsig_exit.o
        50          0          0          0          0         88   defsig_general.o
        48         34          0          0          0         76   defsig_pvfn_inner.o
        14          0          0          0          0         80   defsig_pvfn_outer.o
        80         58          0          0          0         76   defsig_rtmem_inner.o
        14          0          0          0          0         80   defsig_rtmem_outer.o
        18          0          0          0          0         80   exit.o
        94          0          0          0          0         80   h1_alloc.o
        52          0          0          0          0         68   h1_extend.o
        78          0          0          0          0         80   h1_free.o
        14          0          0          0          0         84   h1_init.o
         6          0          0          0          0        152   heapauxi.o
         4          0          0          0          0        136   hguard.o
         0          0          0          0          0          0   indicate_semi.o
        36         10          0          0          0         80   init_aeabi.o
       138          0          0          0          0        168   init_alloc.o
         2          0          0          0          0          0   libinit.o
        14          0          0          0          0          0   libinit2.o
         2          0          0          0          0          0   libshutdown.o
         8          0          0          0          0          0   libshutdown2.o
         8          4          0          0         96         68   libspace.o
         0          0          0          0          0          0   maybetermalloc1.o
         8          4          0          0          0         68   rt_ddtor_pointer_addr_intlibspace.o
         8          4          0          0          0         68   rt_heap_descriptor_intlibspace.o
         2          0          0          0          0          0   rtexit.o
        10          0          0          0          0          0   rtexit2.o
        12          4          0          0          0         68   sys_exit.o
        74          0          0          0          0         80   sys_stackheap_outer.o
        14          0          0          0          0         76   sys_wrch.o
         2          0          0          0          0         68   use_no_semi.o
         8          0          0          0          0         76   array_del.o
         8          0          0          0          0         76   delete.o
         6          0          0          0          0         68   pure_virt.o

    ----------------------------------------------------------------------
      1090        126          0          0         96       2348   Library Totals
         4          0          0          0          0          0   (incl. Padding)

    ----------------------------------------------------------------------

      Code (inc. data)   RO Data    RW Data    ZI Data      Debug   Library Name

      1064        126          0          0         96       2128   c_w.l
        22          0          0          0          0        220   cpprt_w.l

    ----------------------------------------------------------------------
      1090        126          0          0         96       2348   Library Totals

    ----------------------------------------------------------------------

==============================================================================


      Code (inc. data)   RO Data    RW Data    ZI Data      Debug   

      6056        642        456         32       1720     334944   Grand Totals
      6056        642        456         32       1720     334944   ELF Image Totals
      6056        642        456         32          0          0   ROM Totals

==============================================================================

    Total RO  Size (Code + RO Data)                 6512 (   6.36kB)
    Total RW  Size (RW Data + ZI Data)              1752 (   1.71kB)
    Total ROM Size (Code + RO Data + RW Data)       6544 (   6.39kB)

==============================================================================

